21:23:25.443 [ INFO] maestro.cli.report.TestDebugReporter.logSystemInfo: Debug output path: /Users/lyndon/.maestro/tests/2026-06-22_212325
21:23:25.444 [ INFO] MAESTRO.logSystemInfo: ---- System Info ----
21:23:25.444 [ INFO] MAESTRO.logSystemInfo: Maestro Version: 2.6.1
21:23:25.445 [ INFO] MAESTRO.logSystemInfo: CI: Undefined
21:23:25.445 [ INFO] MAESTRO.logSystemInfo: OS Name: Mac OS X
21:23:25.445 [ INFO] MAESTRO.logSystemInfo: OS Version: 26.5.1
21:23:25.445 [ INFO] MAESTRO.logSystemInfo: Architecture: aarch64
21:23:25.445 [ INFO] MAESTRO.logSystemInfo: Java Version: 17
21:23:25.490 [ INFO] MAESTRO.logSystemInfo: Xcode Version: 26.5
21:23:25.727 [ INFO] MAESTRO.logSystemInfo: Flutter Version: 3.38.3
21:23:25.838 [DEBUG] io.micrometer.common.util.internal.logging.InternalLoggerFactory.newDefaultFactory: Using SLF4J as the default logging framework
21:23:25.958 [ INFO] MAESTRO.logSystemInfo: Flutter Channel: stable
21:23:25.958 [ INFO] MAESTRO.logSystemInfo: ---------------------
21:23:26.512 [ INFO] maestro.cli.command.TestCommand.runShardSuite: [shard 1] Selected device emulator-5554 using port 60262 with execution plan ExecutionPlan(flowsToRun=[/Users/lyndon/reviewnatin/apps/mobile/.maestro/flows/guest-onboarding-quiz.yaml], sequence=FlowSequence(flows=[], continueOnFailure=true), workspaceConfig=WorkspaceConfig(flows=null, includeTags=null, excludeTags=null, executionOrder=null, baselineBranch=null, notifications=null, disableRetries=false, platform=PlatformConfiguration(android=AndroidConfiguration(disableAnimations=false), ios=IOSConfiguration(disableAnimations=false, snapshotKeyHonorModalViews=null)), testOutputDir=null))
21:23:29.093 [ INFO] maestro.cli.runner.TestRunner.runSingle$lambda$0: Running flow guest-onboarding-quiz.yaml...
21:23:29.100 [ INFO] maestro.Maestro.cachedDeviceInfo_delegate$lambda$0: Getting device info
21:23:29.151 [ INFO] maestro.Maestro.cachedDeviceInfo_delegate$lambda$0: Got device info: DeviceInfo(platform=ANDROID, widthPixels=1080, heightPixels=2400, widthGrid=1080, heightGrid=2400)
21:23:29.184 [ INFO] maestro.cli.runner.MaestroCommandRunner.runCommands$lambda$0: Define variables RUNNING
21:23:29.187 [ INFO] maestro.cli.runner.MaestroCommandRunner.runCommands$lambda$11: Define variables metadata CommandMetadata(numberOfRuns=null, evaluatedCommand=MaestroCommand(defineVariablesCommand=DefineVariablesCommand(env={MAESTRO_DRIVER_STARTUP_TIMEOUT=180000, MAESTRO_FILENAME=guest-onboarding-quiz, MAESTRO_DEVICE_UDID=emulator-5554, MAESTRO_SHARD_ID=1, MAESTRO_SHARD_INDEX=0}, label=null, optional=false)), logMessages=[], insight=Insight(message=, level=NONE), aiReasoning=null, labeledCommand=null)
21:23:29.187 [ INFO] maestro.cli.runner.MaestroCommandRunner.runCommands$lambda$2: Define variables COMPLETED
21:23:29.188 [ INFO] maestro.cli.runner.MaestroCommandRunner.runCommands$lambda$0: Apply configuration RUNNING
21:23:29.189 [ INFO] maestro.cli.runner.MaestroCommandRunner.runCommands$lambda$11: Apply configuration metadata CommandMetadata(numberOfRuns=null, evaluatedCommand=MaestroCommand(applyConfigurationCommand=ApplyConfigurationCommand(config=MaestroConfig(appId=ph.reviewnatin.app, name=null, tags=[], ext={}, onFlowStart=null, onFlowComplete=null, properties={}), label=null, optional=false)), logMessages=[], insight=Insight(message=, level=NONE), aiReasoning=null, labeledCommand=null)
21:23:29.189 [ INFO] maestro.cli.runner.MaestroCommandRunner.runCommands$lambda$2: Apply configuration COMPLETED
21:23:29.189 [ INFO] maestro.cli.runner.MaestroCommandRunner.runCommands$lambda$0: Launch app "ph.reviewnatin.app" with clear state RUNNING
21:23:29.191 [ INFO] maestro.cli.runner.MaestroCommandRunner.runCommands$lambda$11: Launch app "ph.reviewnatin.app" with clear state metadata CommandMetadata(numberOfRuns=null, evaluatedCommand=MaestroCommand(launchAppCommand=LaunchAppCommand(appId=ph.reviewnatin.app, clearState=true, clearKeychain=null, stopApp=null, permissions=null, launchArguments=null, label=null, optional=false)), logMessages=[], insight=Insight(message=, level=NONE), aiReasoning=null, labeledCommand=null)
21:23:29.191 [ INFO] maestro.Maestro.clearAppState$lambda$5: Clearing app state ph.reviewnatin.app
21:23:30.500 [DEBUG] maestro.Maestro.setPermissionInternal: Failed to set permission com.sec.android.provider.badge.permission.READ for app ph.reviewnatin.app: pm grant ph.reviewnatin.app com.sec.android.provider.badge.permission.READ: 
Exception occurred while executing 'grant':
java.lang.IllegalArgumentException: Unknown permission com.sec.android.provider.badge.permission.READ
	at com.android.server.permission.access.permission.PermissionService.setRuntimePermissionGranted(PermissionService.kt:911)
	at com.android.server.permission.access.permission.PermissionService.access$setRuntimePermissionGranted(PermissionService.kt:108)
	at com.android.server.permission.access.permission.PermissionService.setRuntimePermissionGranted(PermissionService.kt:809)
	at com.android.server.permission.access.permission.PermissionService.setRuntimePermissionGranted$default(PermissionService.kt:714)
	at com.android.server.permission.access.permission.PermissionService.grantRuntimePermission(PermissionService.kt:676)
	at com.android.server.pm.permission.PermissionManagerService.grantRuntimePermission(PermissionManagerService.java:585)
	at android.permission.PermissionManager.grantRuntimePermissionInternal(PermissionManager.java:679)
	at android.permission.PermissionManager.grantRuntimePermission(PermissionManager.java:642)
	at com.android.server.pm.PackageManagerShellCommand.runGrantRevokePermission(PackageManagerShellCommand.java:2690)
	at com.android.server.pm.PackageManagerShellCommand.onCommand(PackageManagerShellCommand.java:316)
	at com.android.modules.utils.BasicShellCommandHandler.exec(BasicShellCommandHandler.java:97)
	at android.os.ShellCommand.exec(ShellCommand.java:38)
	at com.android.server.pm.PackageManagerService$IPackageManagerImpl.onShellCommand(PackageManagerService.java:6561)
	at android.os.Binder.shellCommand(Binder.java:1230)
	at android.os.Binder.onTransact(Binder.java:1043)
	at android.content.pm.IPackageManager$Stub.onTransact(IPackageManager.java:4620)
	at com.android.server.pm.PackageManagerService$IPackageManagerImpl.onTransact(PackageManagerService.java:6545)
	at android.os.Binder.execTransactInternal(Binder.java:1505)
	at android.os.Binder.execTransact(Binder.java:1444)

21:23:30.525 [DEBUG] maestro.Maestro.setPermissionInternal: Failed to set permission com.sec.android.provider.badge.permission.WRITE for app ph.reviewnatin.app: pm grant ph.reviewnatin.app com.sec.android.provider.badge.permission.WRITE: 
Exception occurred while executing 'grant':
java.lang.IllegalArgumentException: Unknown permission com.sec.android.provider.badge.permission.WRITE
	at com.android.server.permission.access.permission.PermissionService.setRuntimePermissionGranted(PermissionService.kt:911)
	at com.android.server.permission.access.permission.PermissionService.access$setRuntimePermissionGranted(PermissionService.kt:108)
	at com.android.server.permission.access.permission.PermissionService.setRuntimePermissionGranted(PermissionService.kt:809)
	at com.android.server.permission.access.permission.PermissionService.setRuntimePermissionGranted$default(PermissionService.kt:714)
	at com.android.server.permission.access.permission.PermissionService.grantRuntimePermission(PermissionService.kt:676)
	at com.android.server.pm.permission.PermissionManagerService.grantRuntimePermission(PermissionManagerService.java:585)
	at android.permission.PermissionManager.grantRuntimePermissionInternal(PermissionManager.java:679)
	at android.permission.PermissionManager.grantRuntimePermission(PermissionManager.java:642)
	at com.android.server.pm.PackageManagerShellCommand.runGrantRevokePermission(PackageManagerShellCommand.java:2690)
	at com.android.server.pm.PackageManagerShellCommand.onCommand(PackageManagerShellCommand.java:316)
	at com.android.modules.utils.BasicShellCommandHandler.exec(BasicShellCommandHandler.java:97)
	at android.os.ShellCommand.exec(ShellCommand.java:38)
	at com.android.server.pm.PackageManagerService$IPackageManagerImpl.onShellCommand(PackageManagerService.java:6561)
	at android.os.Binder.shellCommand(Binder.java:1230)
	at android.os.Binder.onTransact(Binder.java:1043)
	at android.content.pm.IPackageManager$Stub.onTransact(IPackageManager.java:4620)
	at com.android.server.pm.PackageManagerService$IPackageManagerImpl.onTransact(PackageManagerService.java:6545)
	at android.os.Binder.execTransactInternal(Binder.java:1505)
	at android.os.Binder.execTransact(Binder.java:1444)

21:23:30.548 [DEBUG] maestro.Maestro.setPermissionInternal: Failed to set permission com.htc.launcher.permission.READ_SETTINGS for app ph.reviewnatin.app: pm grant ph.reviewnatin.app com.htc.launcher.permission.READ_SETTINGS: 
Exception occurred while executing 'grant':
java.lang.IllegalArgumentException: Unknown permission com.htc.launcher.permission.READ_SETTINGS
	at com.android.server.permission.access.permission.PermissionService.setRuntimePermissionGranted(PermissionService.kt:911)
	at com.android.server.permission.access.permission.PermissionService.access$setRuntimePermissionGranted(PermissionService.kt:108)
	at com.android.server.permission.access.permission.PermissionService.setRuntimePermissionGranted(PermissionService.kt:809)
	at com.android.server.permission.access.permission.PermissionService.setRuntimePermissionGranted$default(PermissionService.kt:714)
	at com.android.server.permission.access.permission.PermissionService.grantRuntimePermission(PermissionService.kt:676)
	at com.android.server.pm.permission.PermissionManagerService.grantRuntimePermission(PermissionManagerService.java:585)
	at android.permission.PermissionManager.grantRuntimePermissionInternal(PermissionManager.java:679)
	at android.permission.PermissionManager.grantRuntimePermission(PermissionManager.java:642)
	at com.android.server.pm.PackageManagerShellCommand.runGrantRevokePermission(PackageManagerShellCommand.java:2690)
	at com.android.server.pm.PackageManagerShellCommand.onCommand(PackageManagerShellCommand.java:316)
	at com.android.modules.utils.BasicShellCommandHandler.exec(BasicShellCommandHandler.java:97)
	at android.os.ShellCommand.exec(ShellCommand.java:38)
	at com.android.server.pm.PackageManagerService$IPackageManagerImpl.onShellCommand(PackageManagerService.java:6561)
	at android.os.Binder.shellCommand(Binder.java:1230)
	at android.os.Binder.onTransact(Binder.java:1043)
	at android.content.pm.IPackageManager$Stub.onTransact(IPackageManager.java:4620)
	at com.android.server.pm.PackageManagerService$IPackageManagerImpl.onTransact(PackageManagerService.java:6545)
	at android.os.Binder.execTransactInternal(Binder.java:1505)
	at android.os.Binder.execTransact(Binder.java:1444)

21:23:30.569 [DEBUG] maestro.Maestro.setPermissionInternal: Failed to set permission com.htc.launcher.permission.UPDATE_SHORTCUT for app ph.reviewnatin.app: pm grant ph.reviewnatin.app com.htc.launcher.permission.UPDATE_SHORTCUT: 
Exception occurred while executing 'grant':
java.lang.IllegalArgumentException: Unknown permission com.htc.launcher.permission.UPDATE_SHORTCUT
	at com.android.server.permission.access.permission.PermissionService.setRuntimePermissionGranted(PermissionService.kt:911)
	at com.android.server.permission.access.permission.PermissionService.access$setRuntimePermissionGranted(PermissionService.kt:108)
	at com.android.server.permission.access.permission.PermissionService.setRuntimePermissionGranted(PermissionService.kt:809)
	at com.android.server.permission.access.permission.PermissionService.setRuntimePermissionGranted$default(PermissionService.kt:714)
	at com.android.server.permission.access.permission.PermissionService.grantRuntimePermission(PermissionService.kt:676)
	at com.android.server.pm.permission.PermissionManagerService.grantRuntimePermission(PermissionManagerService.java:585)
	at android.permission.PermissionManager.grantRuntimePermissionInternal(PermissionManager.java:679)
	at android.permission.PermissionManager.grantRuntimePermission(PermissionManager.java:642)
	at com.android.server.pm.PackageManagerShellCommand.runGrantRevokePermission(PackageManagerShellCommand.java:2690)
	at com.android.server.pm.PackageManagerShellCommand.onCommand(PackageManagerShellCommand.java:316)
	at com.android.modules.utils.BasicShellCommandHandler.exec(BasicShellCommandHandler.java:97)
	at android.os.ShellCommand.exec(ShellCommand.java:38)
	at com.android.server.pm.PackageManagerService$IPackageManagerImpl.onShellCommand(PackageManagerService.java:6561)
	at android.os.Binder.shellCommand(Binder.java:1230)
	at android.os.Binder.onTransact(Binder.java:1043)
	at android.content.pm.IPackageManager$Stub.onTransact(IPackageManager.java:4620)
	at com.android.server.pm.PackageManagerService$IPackageManagerImpl.onTransact(PackageManagerService.java:6545)
	at android.os.Binder.execTransactInternal(Binder.java:1505)
	at android.os.Binder.execTransact(Binder.java:1444)

21:23:30.583 [DEBUG] maestro.Maestro.setPermissionInternal: Failed to set permission com.sonyericsson.home.permission.BROADCAST_BADGE for app ph.reviewnatin.app: pm grant ph.reviewnatin.app com.sonyericsson.home.permission.BROADCAST_BADGE: 
Exception occurred while executing 'grant':
java.lang.IllegalArgumentException: Unknown permission com.sonyericsson.home.permission.BROADCAST_BADGE
	at com.android.server.permission.access.permission.PermissionService.setRuntimePermissionGranted(PermissionService.kt:911)
	at com.android.server.permission.access.permission.PermissionService.access$setRuntimePermissionGranted(PermissionService.kt:108)
	at com.android.server.permission.access.permission.PermissionService.setRuntimePermissionGranted(PermissionService.kt:809)
	at com.android.server.permission.access.permission.PermissionService.setRuntimePermissionGranted$default(PermissionService.kt:714)
	at com.android.server.permission.access.permission.PermissionService.grantRuntimePermission(PermissionService.kt:676)
	at com.android.server.pm.permission.PermissionManagerService.grantRuntimePermission(PermissionManagerService.java:585)
	at android.permission.PermissionManager.grantRuntimePermissionInternal(PermissionManager.java:679)
	at android.permission.PermissionManager.grantRuntimePermission(PermissionManager.java:642)
	at com.android.server.pm.PackageManagerShellCommand.runGrantRevokePermission(PackageManagerShellCommand.java:2690)
	at com.android.server.pm.PackageManagerShellCommand.onCommand(PackageManagerShellCommand.java:316)
	at com.android.modules.utils.BasicShellCommandHandler.exec(BasicShellCommandHandler.java:97)
	at android.os.ShellCommand.exec(ShellCommand.java:38)
	at com.android.server.pm.PackageManagerService$IPackageManagerImpl.onShellCommand(PackageManagerService.java:6561)
	at android.os.Binder.shellCommand(Binder.java:1230)
	at android.os.Binder.onTransact(Binder.java:1043)
	at android.content.pm.IPackageManager$Stub.onTransact(IPackageManager.java:4620)
	at com.android.server.pm.PackageManagerService$IPackageManagerImpl.onTransact(PackageManagerService.java:6545)
	at android.os.Binder.execTransactInternal(Binder.java:1505)
	at android.os.Binder.execTransact(Binder.java:1444)

21:23:30.598 [DEBUG] maestro.Maestro.setPermissionInternal: Failed to set permission com.sonymobile.home.permission.PROVIDER_INSERT_BADGE for app ph.reviewnatin.app: pm grant ph.reviewnatin.app com.sonymobile.home.permission.PROVIDER_INSERT_BADGE: 
Exception occurred while executing 'grant':
java.lang.IllegalArgumentException: Unknown permission com.sonymobile.home.permission.PROVIDER_INSERT_BADGE
	at com.android.server.permission.access.permission.PermissionService.setRuntimePermissionGranted(PermissionService.kt:911)
	at com.android.server.permission.access.permission.PermissionService.access$setRuntimePermissionGranted(PermissionService.kt:108)
	at com.android.server.permission.access.permission.PermissionService.setRuntimePermissionGranted(PermissionService.kt:809)
	at com.android.server.permission.access.permission.PermissionService.setRuntimePermissionGranted$default(PermissionService.kt:714)
	at com.android.server.permission.access.permission.PermissionService.grantRuntimePermission(PermissionService.kt:676)
	at com.android.server.pm.permission.PermissionManagerService.grantRuntimePermission(PermissionManagerService.java:585)
	at android.permission.PermissionManager.grantRuntimePermissionInternal(PermissionManager.java:679)
	at android.permission.PermissionManager.grantRuntimePermission(PermissionManager.java:642)
	at com.android.server.pm.PackageManagerShellCommand.runGrantRevokePermission(PackageManagerShellCommand.java:2690)
	at com.android.server.pm.PackageManagerShellCommand.onCommand(PackageManagerShellCommand.java:316)
	at com.android.modules.utils.BasicShellCommandHandler.exec(BasicShellCommandHandler.java:97)
	at android.os.ShellCommand.exec(ShellCommand.java:38)
	at com.android.server.pm.PackageManagerService$IPackageManagerImpl.onShellCommand(PackageManagerService.java:6561)
	at android.os.Binder.shellCommand(Binder.java:1230)
	at android.os.Binder.onTransact(Binder.java:1043)
	at android.content.pm.IPackageManager$Stub.onTransact(IPackageManager.java:4620)
	at com.android.server.pm.PackageManagerService$IPackageManagerImpl.onTransact(PackageManagerService.java:6545)
	at android.os.Binder.execTransactInternal(Binder.java:1505)
	at android.os.Binder.execTransact(Binder.java:1444)

21:23:30.612 [DEBUG] maestro.Maestro.setPermissionInternal: Failed to set permission com.anddoes.launcher.permission.UPDATE_COUNT for app ph.reviewnatin.app: pm grant ph.reviewnatin.app com.anddoes.launcher.permission.UPDATE_COUNT: 
Exception occurred while executing 'grant':
java.lang.IllegalArgumentException: Unknown permission com.anddoes.launcher.permission.UPDATE_COUNT
	at com.android.server.permission.access.permission.PermissionService.setRuntimePermissionGranted(PermissionService.kt:911)
	at com.android.server.permission.access.permission.PermissionService.access$setRuntimePermissionGranted(PermissionService.kt:108)
	at com.android.server.permission.access.permission.PermissionService.setRuntimePermissionGranted(PermissionService.kt:809)
	at com.android.server.permission.access.permission.PermissionService.setRuntimePermissionGranted$default(PermissionService.kt:714)
	at com.android.server.permission.access.permission.PermissionService.grantRuntimePermission(PermissionService.kt:676)
	at com.android.server.pm.permission.PermissionManagerService.grantRuntimePermission(PermissionManagerService.java:585)
	at android.permission.PermissionManager.grantRuntimePermissionInternal(PermissionManager.java:679)
	at android.permission.PermissionManager.grantRuntimePermission(PermissionManager.java:642)
	at com.android.server.pm.PackageManagerShellCommand.runGrantRevokePermission(PackageManagerShellCommand.java:2690)
	at com.android.server.pm.PackageManagerShellCommand.onCommand(PackageManagerShellCommand.java:316)
	at com.android.modules.utils.BasicShellCommandHandler.exec(BasicShellCommandHandler.java:97)
	at android.os.ShellCommand.exec(ShellCommand.java:38)
	at com.android.server.pm.PackageManagerService$IPackageManagerImpl.onShellCommand(PackageManagerService.java:6561)
	at android.os.Binder.shellCommand(Binder.java:1230)
	at android.os.Binder.onTransact(Binder.java:1043)
	at android.content.pm.IPackageManager$Stub.onTransact(IPackageManager.java:4620)
	at com.android.server.pm.PackageManagerService$IPackageManagerImpl.onTransact(PackageManagerService.java:6545)
	at android.os.Binder.execTransactInternal(Binder.java:1505)
	at android.os.Binder.execTransact(Binder.java:1444)

21:23:30.626 [DEBUG] maestro.Maestro.setPermissionInternal: Failed to set permission com.majeur.launcher.permission.UPDATE_BADGE for app ph.reviewnatin.app: pm grant ph.reviewnatin.app com.majeur.launcher.permission.UPDATE_BADGE: 
Exception occurred while executing 'grant':
java.lang.IllegalArgumentException: Unknown permission com.majeur.launcher.permission.UPDATE_BADGE
	at com.android.server.permission.access.permission.PermissionService.setRuntimePermissionGranted(PermissionService.kt:911)
	at com.android.server.permission.access.permission.PermissionService.access$setRuntimePermissionGranted(PermissionService.kt:108)
	at com.android.server.permission.access.permission.PermissionService.setRuntimePermissionGranted(PermissionService.kt:809)
	at com.android.server.permission.access.permission.PermissionService.setRuntimePermissionGranted$default(PermissionService.kt:714)
	at com.android.server.permission.access.permission.PermissionService.grantRuntimePermission(PermissionService.kt:676)
	at com.android.server.pm.permission.PermissionManagerService.grantRuntimePermission(PermissionManagerService.java:585)
	at android.permission.PermissionManager.grantRuntimePermissionInternal(PermissionManager.java:679)
	at android.permission.PermissionManager.grantRuntimePermission(PermissionManager.java:642)
	at com.android.server.pm.PackageManagerShellCommand.runGrantRevokePermission(PackageManagerShellCommand.java:2690)
	at com.android.server.pm.PackageManagerShellCommand.onCommand(PackageManagerShellCommand.java:316)
	at com.android.modules.utils.BasicShellCommandHandler.exec(BasicShellCommandHandler.java:97)
	at android.os.ShellCommand.exec(ShellCommand.java:38)
	at com.android.server.pm.PackageManagerService$IPackageManagerImpl.onShellCommand(PackageManagerService.java:6561)
	at android.os.Binder.shellCommand(Binder.java:1230)
	at android.os.Binder.onTransact(Binder.java:1043)
	at android.content.pm.IPackageManager$Stub.onTransact(IPackageManager.java:4620)
	at com.android.server.pm.PackageManagerService$IPackageManagerImpl.onTransact(PackageManagerService.java:6545)
	at android.os.Binder.execTransactInternal(Binder.java:1505)
	at android.os.Binder.execTransact(Binder.java:1444)

21:23:30.640 [DEBUG] maestro.Maestro.setPermissionInternal: Failed to set permission com.huawei.android.launcher.permission.CHANGE_BADGE for app ph.reviewnatin.app: pm grant ph.reviewnatin.app com.huawei.android.launcher.permission.CHANGE_BADGE: 
Exception occurred while executing 'grant':
java.lang.IllegalArgumentException: Unknown permission com.huawei.android.launcher.permission.CHANGE_BADGE
	at com.android.server.permission.access.permission.PermissionService.setRuntimePermissionGranted(PermissionService.kt:911)
	at com.android.server.permission.access.permission.PermissionService.access$setRuntimePermissionGranted(PermissionService.kt:108)
	at com.android.server.permission.access.permission.PermissionService.setRuntimePermissionGranted(PermissionService.kt:809)
	at com.android.server.permission.access.permission.PermissionService.setRuntimePermissionGranted$default(PermissionService.kt:714)
	at com.android.server.permission.access.permission.PermissionService.grantRuntimePermission(PermissionService.kt:676)
	at com.android.server.pm.permission.PermissionManagerService.grantRuntimePermission(PermissionManagerService.java:585)
	at android.permission.PermissionManager.grantRuntimePermissionInternal(PermissionManager.java:679)
	at android.permission.PermissionManager.grantRuntimePermission(PermissionManager.java:642)
	at com.android.server.pm.PackageManagerShellCommand.runGrantRevokePermission(PackageManagerShellCommand.java:2690)
	at com.android.server.pm.PackageManagerShellCommand.onCommand(PackageManagerShellCommand.java:316)
	at com.android.modules.utils.BasicShellCommandHandler.exec(BasicShellCommandHandler.java:97)
	at android.os.ShellCommand.exec(ShellCommand.java:38)
	at com.android.server.pm.PackageManagerService$IPackageManagerImpl.onShellCommand(PackageManagerService.java:6561)
	at android.os.Binder.shellCommand(Binder.java:1230)
	at android.os.Binder.onTransact(Binder.java:1043)
	at android.content.pm.IPackageManager$Stub.onTransact(IPackageManager.java:4620)
	at com.android.server.pm.PackageManagerService$IPackageManagerImpl.onTransact(PackageManagerService.java:6545)
	at android.os.Binder.execTransactInternal(Binder.java:1505)
	at android.os.Binder.execTransact(Binder.java:1444)

21:23:30.654 [DEBUG] maestro.Maestro.setPermissionInternal: Failed to set permission com.huawei.android.launcher.permission.READ_SETTINGS for app ph.reviewnatin.app: pm grant ph.reviewnatin.app com.huawei.android.launcher.permission.READ_SETTINGS: 
Exception occurred while executing 'grant':
java.lang.IllegalArgumentException: Unknown permission com.huawei.android.launcher.permission.READ_SETTINGS
	at com.android.server.permission.access.permission.PermissionService.setRuntimePermissionGranted(PermissionService.kt:911)
	at com.android.server.permission.access.permission.PermissionService.access$setRuntimePermissionGranted(PermissionService.kt:108)
	at com.android.server.permission.access.permission.PermissionService.setRuntimePermissionGranted(PermissionService.kt:809)
	at com.android.server.permission.access.permission.PermissionService.setRuntimePermissionGranted$default(PermissionService.kt:714)
	at com.android.server.permission.access.permission.PermissionService.grantRuntimePermission(PermissionService.kt:676)
	at com.android.server.pm.permission.PermissionManagerService.grantRuntimePermission(PermissionManagerService.java:585)
	at android.permission.PermissionManager.grantRuntimePermissionInternal(PermissionManager.java:679)
	at android.permission.PermissionManager.grantRuntimePermission(PermissionManager.java:642)
	at com.android.server.pm.PackageManagerShellCommand.runGrantRevokePermission(PackageManagerShellCommand.java:2690)
	at com.android.server.pm.PackageManagerShellCommand.onCommand(PackageManagerShellCommand.java:316)
	at com.android.modules.utils.BasicShellCommandHandler.exec(BasicShellCommandHandler.java:97)
	at android.os.ShellCommand.exec(ShellCommand.java:38)
	at com.android.server.pm.PackageManagerService$IPackageManagerImpl.onShellCommand(PackageManagerService.java:6561)
	at android.os.Binder.shellCommand(Binder.java:1230)
	at android.os.Binder.onTransact(Binder.java:1043)
	at android.content.pm.IPackageManager$Stub.onTransact(IPackageManager.java:4620)
	at com.android.server.pm.PackageManagerService$IPackageManagerImpl.onTransact(PackageManagerService.java:6545)
	at android.os.Binder.execTransactInternal(Binder.java:1505)
	at android.os.Binder.execTransact(Binder.java:1444)

21:23:30.672 [DEBUG] maestro.Maestro.setPermissionInternal: Failed to set permission com.huawei.android.launcher.permission.WRITE_SETTINGS for app ph.reviewnatin.app: pm grant ph.reviewnatin.app com.huawei.android.launcher.permission.WRITE_SETTINGS: 
Exception occurred while executing 'grant':
java.lang.IllegalArgumentException: Unknown permission com.huawei.android.launcher.permission.WRITE_SETTINGS
	at com.android.server.permission.access.permission.PermissionService.setRuntimePermissionGranted(PermissionService.kt:911)
	at com.android.server.permission.access.permission.PermissionService.access$setRuntimePermissionGranted(PermissionService.kt:108)
	at com.android.server.permission.access.permission.PermissionService.setRuntimePermissionGranted(PermissionService.kt:809)
	at com.android.server.permission.access.permission.PermissionService.setRuntimePermissionGranted$default(PermissionService.kt:714)
	at com.android.server.permission.access.permission.PermissionService.grantRuntimePermission(PermissionService.kt:676)
	at com.android.server.pm.permission.PermissionManagerService.grantRuntimePermission(PermissionManagerService.java:585)
	at android.permission.PermissionManager.grantRuntimePermissionInternal(PermissionManager.java:679)
	at android.permission.PermissionManager.grantRuntimePermission(PermissionManager.java:642)
	at com.android.server.pm.PackageManagerShellCommand.runGrantRevokePermission(PackageManagerShellCommand.java:2690)
	at com.android.server.pm.PackageManagerShellCommand.onCommand(PackageManagerShellCommand.java:316)
	at com.android.modules.utils.BasicShellCommandHandler.exec(BasicShellCommandHandler.java:97)
	at android.os.ShellCommand.exec(ShellCommand.java:38)
	at com.android.server.pm.PackageManagerService$IPackageManagerImpl.onShellCommand(PackageManagerService.java:6561)
	at android.os.Binder.shellCommand(Binder.java:1230)
	at android.os.Binder.onTransact(Binder.java:1043)
	at android.content.pm.IPackageManager$Stub.onTransact(IPackageManager.java:4620)
	at com.android.server.pm.PackageManagerService$IPackageManagerImpl.onTransact(PackageManagerService.java:6545)
	at android.os.Binder.execTransactInternal(Binder.java:1505)
	at android.os.Binder.execTransact(Binder.java:1444)

21:23:30.691 [DEBUG] maestro.Maestro.setPermissionInternal: Failed to set permission android.permission.READ_APP_BADGE for app ph.reviewnatin.app: pm grant ph.reviewnatin.app android.permission.READ_APP_BADGE: 
Exception occurred while executing 'grant':
java.lang.IllegalArgumentException: Unknown permission android.permission.READ_APP_BADGE
	at com.android.server.permission.access.permission.PermissionService.setRuntimePermissionGranted(PermissionService.kt:911)
	at com.android.server.permission.access.permission.PermissionService.access$setRuntimePermissionGranted(PermissionService.kt:108)
	at com.android.server.permission.access.permission.PermissionService.setRuntimePermissionGranted(PermissionService.kt:809)
	at com.android.server.permission.access.permission.PermissionService.setRuntimePermissionGranted$default(PermissionService.kt:714)
	at com.android.server.permission.access.permission.PermissionService.grantRuntimePermission(PermissionService.kt:676)
	at com.android.server.pm.permission.PermissionManagerService.grantRuntimePermission(PermissionManagerService.java:585)
	at android.permission.PermissionManager.grantRuntimePermissionInternal(PermissionManager.java:679)
	at android.permission.PermissionManager.grantRuntimePermission(PermissionManager.java:642)
	at com.android.server.pm.PackageManagerShellCommand.runGrantRevokePermission(PackageManagerShellCommand.java:2690)
	at com.android.server.pm.PackageManagerShellCommand.onCommand(PackageManagerShellCommand.java:316)
	at com.android.modules.utils.BasicShellCommandHandler.exec(BasicShellCommandHandler.java:97)
	at android.os.ShellCommand.exec(ShellCommand.java:38)
	at com.android.server.pm.PackageManagerService$IPackageManagerImpl.onShellCommand(PackageManagerService.java:6561)
	at android.os.Binder.shellCommand(Binder.java:1230)
	at android.os.Binder.onTransact(Binder.java:1043)
	at android.content.pm.IPackageManager$Stub.onTransact(IPackageManager.java:4620)
	at com.android.server.pm.PackageManagerService$IPackageManagerImpl.onTransact(PackageManagerService.java:6545)
	at android.os.Binder.execTransactInternal(Binder.java:1505)
	at android.os.Binder.execTransact(Binder.java:1444)

21:23:30.702 [DEBUG] maestro.Maestro.setPermissionInternal: Failed to set permission com.oppo.launcher.permission.READ_SETTINGS for app ph.reviewnatin.app: pm grant ph.reviewnatin.app com.oppo.launcher.permission.READ_SETTINGS: 
Exception occurred while executing 'grant':
java.lang.IllegalArgumentException: Unknown permission com.oppo.launcher.permission.READ_SETTINGS
	at com.android.server.permission.access.permission.PermissionService.setRuntimePermissionGranted(PermissionService.kt:911)
	at com.android.server.permission.access.permission.PermissionService.access$setRuntimePermissionGranted(PermissionService.kt:108)
	at com.android.server.permission.access.permission.PermissionService.setRuntimePermissionGranted(PermissionService.kt:809)
	at com.android.server.permission.access.permission.PermissionService.setRuntimePermissionGranted$default(PermissionService.kt:714)
	at com.android.server.permission.access.permission.PermissionService.grantRuntimePermission(PermissionService.kt:676)
	at com.android.server.pm.permission.PermissionManagerService.grantRuntimePermission(PermissionManagerService.java:585)
	at android.permission.PermissionManager.grantRuntimePermissionInternal(PermissionManager.java:679)
	at android.permission.PermissionManager.grantRuntimePermission(PermissionManager.java:642)
	at com.android.server.pm.PackageManagerShellCommand.runGrantRevokePermission(PackageManagerShellCommand.java:2690)
	at com.android.server.pm.PackageManagerShellCommand.onCommand(PackageManagerShellCommand.java:316)
	at com.android.modules.utils.BasicShellCommandHandler.exec(BasicShellCommandHandler.java:97)
	at android.os.ShellCommand.exec(ShellCommand.java:38)
	at com.android.server.pm.PackageManagerService$IPackageManagerImpl.onShellCommand(PackageManagerService.java:6561)
	at android.os.Binder.shellCommand(Binder.java:1230)
	at android.os.Binder.onTransact(Binder.java:1043)
	at android.content.pm.IPackageManager$Stub.onTransact(IPackageManager.java:4620)
	at com.android.server.pm.PackageManagerService$IPackageManagerImpl.onTransact(PackageManagerService.java:6545)
	at android.os.Binder.execTransactInternal(Binder.java:1505)
	at android.os.Binder.execTransact(Binder.java:1444)

21:23:30.716 [DEBUG] maestro.Maestro.setPermissionInternal: Failed to set permission com.oppo.launcher.permission.WRITE_SETTINGS for app ph.reviewnatin.app: pm grant ph.reviewnatin.app com.oppo.launcher.permission.WRITE_SETTINGS: 
Exception occurred while executing 'grant':
java.lang.IllegalArgumentException: Unknown permission com.oppo.launcher.permission.WRITE_SETTINGS
	at com.android.server.permission.access.permission.PermissionService.setRuntimePermissionGranted(PermissionService.kt:911)
	at com.android.server.permission.access.permission.PermissionService.access$setRuntimePermissionGranted(PermissionService.kt:108)
	at com.android.server.permission.access.permission.PermissionService.setRuntimePermissionGranted(PermissionService.kt:809)
	at com.android.server.permission.access.permission.PermissionService.setRuntimePermissionGranted$default(PermissionService.kt:714)
	at com.android.server.permission.access.permission.PermissionService.grantRuntimePermission(PermissionService.kt:676)
	at com.android.server.pm.permission.PermissionManagerService.grantRuntimePermission(PermissionManagerService.java:585)
	at android.permission.PermissionManager.grantRuntimePermissionInternal(PermissionManager.java:679)
	at android.permission.PermissionManager.grantRuntimePermission(PermissionManager.java:642)
	at com.android.server.pm.PackageManagerShellCommand.runGrantRevokePermission(PackageManagerShellCommand.java:2690)
	at com.android.server.pm.PackageManagerShellCommand.onCommand(PackageManagerShellCommand.java:316)
	at com.android.modules.utils.BasicShellCommandHandler.exec(BasicShellCommandHandler.java:97)
	at android.os.ShellCommand.exec(ShellCommand.java:38)
	at com.android.server.pm.PackageManagerService$IPackageManagerImpl.onShellCommand(PackageManagerService.java:6561)
	at android.os.Binder.shellCommand(Binder.java:1230)
	at android.os.Binder.onTransact(Binder.java:1043)
	at android.content.pm.IPackageManager$Stub.onTransact(IPackageManager.java:4620)
	at com.android.server.pm.PackageManagerService$IPackageManagerImpl.onTransact(PackageManagerService.java:6545)
	at android.os.Binder.execTransactInternal(Binder.java:1505)
	at android.os.Binder.execTransact(Binder.java:1444)

21:23:30.730 [DEBUG] maestro.Maestro.setPermissionInternal: Failed to set permission me.everything.badger.permission.BADGE_COUNT_READ for app ph.reviewnatin.app: pm grant ph.reviewnatin.app me.everything.badger.permission.BADGE_COUNT_READ: 
Exception occurred while executing 'grant':
java.lang.IllegalArgumentException: Unknown permission me.everything.badger.permission.BADGE_COUNT_READ
	at com.android.server.permission.access.permission.PermissionService.setRuntimePermissionGranted(PermissionService.kt:911)
	at com.android.server.permission.access.permission.PermissionService.access$setRuntimePermissionGranted(PermissionService.kt:108)
	at com.android.server.permission.access.permission.PermissionService.setRuntimePermissionGranted(PermissionService.kt:809)
	at com.android.server.permission.access.permission.PermissionService.setRuntimePermissionGranted$default(PermissionService.kt:714)
	at com.android.server.permission.access.permission.PermissionService.grantRuntimePermission(PermissionService.kt:676)
	at com.android.server.pm.permission.PermissionManagerService.grantRuntimePermission(PermissionManagerService.java:585)
	at android.permission.PermissionManager.grantRuntimePermissionInternal(PermissionManager.java:679)
	at android.permission.PermissionManager.grantRuntimePermission(PermissionManager.java:642)
	at com.android.server.pm.PackageManagerShellCommand.runGrantRevokePermission(PackageManagerShellCommand.java:2690)
	at com.android.server.pm.PackageManagerShellCommand.onCommand(PackageManagerShellCommand.java:316)
	at com.android.modules.utils.BasicShellCommandHandler.exec(BasicShellCommandHandler.java:97)
	at android.os.ShellCommand.exec(ShellCommand.java:38)
	at com.android.server.pm.PackageManagerService$IPackageManagerImpl.onShellCommand(PackageManagerService.java:6561)
	at android.os.Binder.shellCommand(Binder.java:1230)
	at android.os.Binder.onTransact(Binder.java:1043)
	at android.content.pm.IPackageManager$Stub.onTransact(IPackageManager.java:4620)
	at com.android.server.pm.PackageManagerService$IPackageManagerImpl.onTransact(PackageManagerService.java:6545)
	at android.os.Binder.execTransactInternal(Binder.java:1505)
	at android.os.Binder.execTransact(Binder.java:1444)

21:23:30.745 [DEBUG] maestro.Maestro.setPermissionInternal: Failed to set permission me.everything.badger.permission.BADGE_COUNT_WRITE for app ph.reviewnatin.app: pm grant ph.reviewnatin.app me.everything.badger.permission.BADGE_COUNT_WRITE: 
Exception occurred while executing 'grant':
java.lang.IllegalArgumentException: Unknown permission me.everything.badger.permission.BADGE_COUNT_WRITE
	at com.android.server.permission.access.permission.PermissionService.setRuntimePermissionGranted(PermissionService.kt:911)
	at com.android.server.permission.access.permission.PermissionService.access$setRuntimePermissionGranted(PermissionService.kt:108)
	at com.android.server.permission.access.permission.PermissionService.setRuntimePermissionGranted(PermissionService.kt:809)
	at com.android.server.permission.access.permission.PermissionService.setRuntimePermissionGranted$default(PermissionService.kt:714)
	at com.android.server.permission.access.permission.PermissionService.grantRuntimePermission(PermissionService.kt:676)
	at com.android.server.pm.permission.PermissionManagerService.grantRuntimePermission(PermissionManagerService.java:585)
	at android.permission.PermissionManager.grantRuntimePermissionInternal(PermissionManager.java:679)
	at android.permission.PermissionManager.grantRuntimePermission(PermissionManager.java:642)
	at com.android.server.pm.PackageManagerShellCommand.runGrantRevokePermission(PackageManagerShellCommand.java:2690)
	at com.android.server.pm.PackageManagerShellCommand.onCommand(PackageManagerShellCommand.java:316)
	at com.android.modules.utils.BasicShellCommandHandler.exec(BasicShellCommandHandler.java:97)
	at android.os.ShellCommand.exec(ShellCommand.java:38)
	at com.android.server.pm.PackageManagerService$IPackageManagerImpl.onShellCommand(PackageManagerService.java:6561)
	at android.os.Binder.shellCommand(Binder.java:1230)
	at android.os.Binder.onTransact(Binder.java:1043)
	at android.content.pm.IPackageManager$Stub.onTransact(IPackageManager.java:4620)
	at com.android.server.pm.PackageManagerService$IPackageManagerImpl.onTransact(PackageManagerService.java:6545)
	at android.os.Binder.execTransactInternal(Binder.java:1505)
	at android.os.Binder.execTransact(Binder.java:1444)

21:23:30.746 [ INFO] maestro.Maestro.launchApp$lambda$2: Launching app ph.reviewnatin.app
21:23:30.746 [ INFO] maestro.Maestro.launchApp$lambda$2: Stopping ph.reviewnatin.app app during launch
21:23:30.884 [ INFO] maestro.cli.runner.MaestroCommandRunner.runCommands$lambda$2: Launch app "ph.reviewnatin.app" with clear state COMPLETED
21:23:30.885 [ INFO] maestro.cli.runner.MaestroCommandRunner.runCommands$lambda$0: Assert that "Get started — it's free" is visible RUNNING
21:23:30.890 [ INFO] maestro.cli.runner.MaestroCommandRunner.runCommands$lambda$11: Assert that "Get started — it's free" is visible metadata CommandMetadata(numberOfRuns=null, evaluatedCommand=MaestroCommand(assertConditionCommand=AssertConditionCommand(condition=Condition(platform=null, visible=ElementSelector(textRegex=Get started — it's free, idRegex=null, size=null, below=null, above=null, leftOf=null, rightOf=null, containsChild=null, containsDescendants=null, traits=null, index=null, enabled=null, optional=false, selected=null, checked=null, focused=null, childOf=null, css=null), notVisible=null, scriptCondition=null, label=null), timeout=15000, label=null, optional=false)), logMessages=[], insight=Insight(message=, level=NONE), aiReasoning=null, labeledCommand=null)
21:23:32.445 [ INFO] maestro.cli.runner.MaestroCommandRunner.runCommands$lambda$2: Assert that "Get started — it's free" is visible COMPLETED
21:23:32.446 [ INFO] maestro.cli.runner.MaestroCommandRunner.runCommands$lambda$0: Tap on "Get started — it's free" RUNNING
21:23:32.448 [ INFO] maestro.cli.runner.MaestroCommandRunner.runCommands$lambda$11: Tap on "Get started — it's free" metadata CommandMetadata(numberOfRuns=null, evaluatedCommand=MaestroCommand(tapOnElementCommand=TapOnElementCommand(selector=ElementSelector(textRegex=Get started — it's free, idRegex=null, size=null, below=null, above=null, leftOf=null, rightOf=null, containsChild=null, containsDescendants=null, traits=null, index=null, enabled=null, optional=false, selected=null, checked=null, focused=null, childOf=null, css=null), retryIfNoChange=false, waitUntilVisible=false, longPress=false, repeat=null, waitToSettleTimeoutMs=null, relativePoint=null, label=null, optional=false)), logMessages=[], insight=Insight(message=, level=NONE), aiReasoning=null, labeledCommand=null)
21:23:33.069 [ INFO] maestro.Maestro.tap-HgV9Ck0: Tapping on element:  UiElement(treeNode=TreeNode(attributes={text=Get started — it's free, accessibilityText=, hintText=, ignoreBoundsFiltering=false, resource-id=, clickable=false, bounds=[321,2028][760,2089], enabled=true, focused=false, checked=false, scrollable=false, selected=false, class=android.widget.TextView, important-for-accessibility=true, error=}, children=[], clickable=false, enabled=true, focused=false, checked=false, selected=false), bounds=Bounds(x=321, y=2028, width=439, height=61))
21:23:36.564 [ INFO] maestro.Maestro.tap-HgV9Ck0: Refreshed element
21:23:36.566 [ INFO] maestro.Maestro.hierarchyBasedTap-ogj28Uc: Tapping at (540, 2062) using hierarchy based logic for wait
21:23:37.475 [ INFO] maestro.Maestro.hierarchyBasedTap-ogj28Uc: Something has changed in the UI judging by view hierarchy. Proceed.
21:23:37.475 [ INFO] maestro.cli.runner.MaestroCommandRunner.runCommands$lambda$2: Tap on "Get started — it's free" COMPLETED
21:23:37.475 [ INFO] maestro.cli.runner.MaestroCommandRunner.runCommands$lambda$0: Assert that "Continue →" is visible RUNNING
21:23:37.476 [ INFO] maestro.cli.runner.MaestroCommandRunner.runCommands$lambda$11: Assert that "Continue →" is visible metadata CommandMetadata(numberOfRuns=null, evaluatedCommand=MaestroCommand(assertConditionCommand=AssertConditionCommand(condition=Condition(platform=null, visible=ElementSelector(textRegex=Continue →, idRegex=null, size=null, below=null, above=null, leftOf=null, rightOf=null, containsChild=null, containsDescendants=null, traits=null, index=null, enabled=null, optional=false, selected=null, checked=null, focused=null, childOf=null, css=null), notVisible=null, scriptCondition=null, label=null), timeout=10000, label=null, optional=false)), logMessages=[], insight=Insight(message=, level=NONE), aiReasoning=null, labeledCommand=null)
21:23:37.497 [ INFO] maestro.cli.runner.MaestroCommandRunner.runCommands$lambda$2: Assert that "Continue →" is visible COMPLETED
21:23:37.497 [ INFO] maestro.cli.runner.MaestroCommandRunner.runCommands$lambda$0: Tap on "Continue →" RUNNING
21:23:37.497 [ INFO] maestro.cli.runner.MaestroCommandRunner.runCommands$lambda$11: Tap on "Continue →" metadata CommandMetadata(numberOfRuns=null, evaluatedCommand=MaestroCommand(tapOnElementCommand=TapOnElementCommand(selector=ElementSelector(textRegex=Continue →, idRegex=null, size=null, below=null, above=null, leftOf=null, rightOf=null, containsChild=null, containsDescendants=null, traits=null, index=null, enabled=null, optional=false, selected=null, checked=null, focused=null, childOf=null, css=null), retryIfNoChange=false, waitUntilVisible=false, longPress=false, repeat=null, waitToSettleTimeoutMs=null, relativePoint=null, label=null, optional=false)), logMessages=[], insight=Insight(message=, level=NONE), aiReasoning=null, labeledCommand=null)
21:23:37.518 [ INFO] maestro.Maestro.tap-HgV9Ck0: Tapping on element:  UiElement(treeNode=TreeNode(attributes={text=Continue →, accessibilityText=, hintText=, ignoreBoundsFiltering=false, resource-id=, clickable=false, bounds=[427,2191][654,2252], enabled=true, focused=false, checked=false, scrollable=false, selected=false, class=android.widget.TextView, important-for-accessibility=true, error=}, children=[], clickable=false, enabled=true, focused=false, checked=false, selected=false), bounds=Bounds(x=427, y=2191, width=227, height=61))
21:23:38.643 [ INFO] maestro.Maestro.tap-HgV9Ck0: Refreshed element
21:23:38.643 [ INFO] maestro.Maestro.hierarchyBasedTap-ogj28Uc: Tapping at (540, 2221) using hierarchy based logic for wait
21:23:39.441 [ INFO] maestro.Maestro.hierarchyBasedTap-ogj28Uc: Something has changed in the UI judging by view hierarchy. Proceed.
21:23:39.441 [ INFO] maestro.cli.runner.MaestroCommandRunner.runCommands$lambda$2: Tap on "Continue →" COMPLETED
21:23:39.442 [ INFO] maestro.cli.runner.MaestroCommandRunner.runCommands$lambda$0: Tap on "Continue →" RUNNING
21:23:39.442 [ INFO] maestro.cli.runner.MaestroCommandRunner.runCommands$lambda$11: Tap on "Continue →" metadata CommandMetadata(numberOfRuns=null, evaluatedCommand=MaestroCommand(tapOnElementCommand=TapOnElementCommand(selector=ElementSelector(textRegex=Continue →, idRegex=null, size=null, below=null, above=null, leftOf=null, rightOf=null, containsChild=null, containsDescendants=null, traits=null, index=null, enabled=null, optional=false, selected=null, checked=null, focused=null, childOf=null, css=null), retryIfNoChange=false, waitUntilVisible=false, longPress=false, repeat=null, waitToSettleTimeoutMs=null, relativePoint=null, label=null, optional=false)), logMessages=[], insight=Insight(message=, level=NONE), aiReasoning=null, labeledCommand=null)
21:23:39.458 [ INFO] maestro.Maestro.tap-HgV9Ck0: Tapping on element:  UiElement(treeNode=TreeNode(attributes={text=Continue →, accessibilityText=, hintText=, ignoreBoundsFiltering=false, resource-id=, clickable=false, bounds=[427,2191][654,2252], enabled=true, focused=false, checked=false, scrollable=false, selected=false, class=android.widget.TextView, important-for-accessibility=true, error=}, children=[], clickable=false, enabled=true, focused=false, checked=false, selected=false), bounds=Bounds(x=427, y=2191, width=227, height=61))
21:23:40.554 [ INFO] maestro.Maestro.tap-HgV9Ck0: Refreshed element
21:23:40.555 [ INFO] maestro.Maestro.hierarchyBasedTap-ogj28Uc: Tapping at (540, 2221) using hierarchy based logic for wait
21:23:41.368 [ INFO] maestro.Maestro.hierarchyBasedTap-ogj28Uc: Something has changed in the UI judging by view hierarchy. Proceed.
21:23:41.368 [ INFO] maestro.cli.runner.MaestroCommandRunner.runCommands$lambda$2: Tap on "Continue →" COMPLETED
21:23:41.368 [ INFO] maestro.cli.runner.MaestroCommandRunner.runCommands$lambda$0: Tap on "I'm committed →" RUNNING
21:23:41.368 [ INFO] maestro.cli.runner.MaestroCommandRunner.runCommands$lambda$11: Tap on "I'm committed →" metadata CommandMetadata(numberOfRuns=null, evaluatedCommand=MaestroCommand(tapOnElementCommand=TapOnElementCommand(selector=ElementSelector(textRegex=I'm committed →, idRegex=null, size=null, below=null, above=null, leftOf=null, rightOf=null, containsChild=null, containsDescendants=null, traits=null, index=null, enabled=null, optional=false, selected=null, checked=null, focused=null, childOf=null, css=null), retryIfNoChange=false, waitUntilVisible=false, longPress=false, repeat=null, waitToSettleTimeoutMs=null, relativePoint=null, label=null, optional=false)), logMessages=[], insight=Insight(message=, level=NONE), aiReasoning=null, labeledCommand=null)
21:23:41.384 [ INFO] maestro.Maestro.tap-HgV9Ck0: Tapping on element:  UiElement(treeNode=TreeNode(attributes={text=I'm committed →, accessibilityText=, hintText=, ignoreBoundsFiltering=false, resource-id=, clickable=false, bounds=[371,2191][709,2252], enabled=true, focused=false, checked=false, scrollable=false, selected=false, class=android.widget.TextView, important-for-accessibility=true, error=}, children=[], clickable=false, enabled=true, focused=false, checked=false, selected=false), bounds=Bounds(x=371, y=2191, width=338, height=61))
21:23:42.441 [ INFO] maestro.Maestro.tap-HgV9Ck0: Refreshed element
21:23:42.441 [ INFO] maestro.Maestro.hierarchyBasedTap-ogj28Uc: Tapping at (540, 2221) using hierarchy based logic for wait
21:23:43.322 [ INFO] maestro.Maestro.hierarchyBasedTap-ogj28Uc: Something has changed in the UI judging by view hierarchy. Proceed.
21:23:43.322 [ INFO] maestro.cli.runner.MaestroCommandRunner.runCommands$lambda$2: Tap on "I'm committed →" COMPLETED
21:23:43.322 [ INFO] maestro.cli.runner.MaestroCommandRunner.runCommands$lambda$0: Tap on "Skip muna (guest)" RUNNING
21:23:43.323 [ INFO] maestro.cli.runner.MaestroCommandRunner.runCommands$lambda$11: Tap on "Skip muna (guest)" metadata CommandMetadata(numberOfRuns=null, evaluatedCommand=MaestroCommand(tapOnElementCommand=TapOnElementCommand(selector=ElementSelector(textRegex=Skip muna (guest), idRegex=null, size=null, below=null, above=null, leftOf=null, rightOf=null, containsChild=null, containsDescendants=null, traits=null, index=null, enabled=null, optional=false, selected=null, checked=null, focused=null, childOf=null, css=null), retryIfNoChange=false, waitUntilVisible=false, longPress=false, repeat=null, waitToSettleTimeoutMs=null, relativePoint=null, label=null, optional=false)), logMessages=[], insight=Insight(message=, level=NONE), aiReasoning=null, labeledCommand=null)
21:23:43.346 [ INFO] maestro.Maestro.tap-HgV9Ck0: Tapping on element:  UiElement(treeNode=TreeNode(attributes={text=Skip muna (guest), accessibilityText=, hintText=, ignoreBoundsFiltering=false, resource-id=, clickable=false, bounds=[359,1496][721,1557], enabled=true, focused=false, checked=false, scrollable=false, selected=false, class=android.widget.TextView, important-for-accessibility=true, error=}, children=[], clickable=false, enabled=true, focused=false, checked=false, selected=false), bounds=Bounds(x=359, y=1496, width=362, height=61))
21:23:44.453 [ INFO] maestro.Maestro.tap-HgV9Ck0: Refreshed element
21:23:44.453 [ INFO] maestro.Maestro.hierarchyBasedTap-ogj28Uc: Tapping at (540, 1526) using hierarchy based logic for wait
21:23:45.270 [ INFO] maestro.Maestro.hierarchyBasedTap-ogj28Uc: Something has changed in the UI judging by view hierarchy. Proceed.
21:23:45.271 [ INFO] maestro.cli.runner.MaestroCommandRunner.runCommands$lambda$2: Tap on "Skip muna (guest)" COMPLETED
21:23:45.271 [ INFO] maestro.cli.runner.MaestroCommandRunner.runCommands$lambda$0: Assert that "Pumunta sa Dashboard" is visible RUNNING
21:23:45.271 [ INFO] maestro.cli.runner.MaestroCommandRunner.runCommands$lambda$11: Assert that "Pumunta sa Dashboard" is visible metadata CommandMetadata(numberOfRuns=null, evaluatedCommand=MaestroCommand(assertConditionCommand=AssertConditionCommand(condition=Condition(platform=null, visible=ElementSelector(textRegex=Pumunta sa Dashboard, idRegex=null, size=null, below=null, above=null, leftOf=null, rightOf=null, containsChild=null, containsDescendants=null, traits=null, index=null, enabled=null, optional=false, selected=null, checked=null, focused=null, childOf=null, css=null), notVisible=null, scriptCondition=null, label=null), timeout=10000, label=null, optional=false)), logMessages=[], insight=Insight(message=, level=NONE), aiReasoning=null, labeledCommand=null)
21:23:45.331 [ INFO] maestro.cli.runner.MaestroCommandRunner.runCommands$lambda$2: Assert that "Pumunta sa Dashboard" is visible COMPLETED
21:23:45.331 [ INFO] maestro.cli.runner.MaestroCommandRunner.runCommands$lambda$0: Tap on "Pumunta sa Dashboard" RUNNING
21:23:45.331 [ INFO] maestro.cli.runner.MaestroCommandRunner.runCommands$lambda$11: Tap on "Pumunta sa Dashboard" metadata CommandMetadata(numberOfRuns=null, evaluatedCommand=MaestroCommand(tapOnElementCommand=TapOnElementCommand(selector=ElementSelector(textRegex=Pumunta sa Dashboard, idRegex=null, size=null, below=null, above=null, leftOf=null, rightOf=null, containsChild=null, containsDescendants=null, traits=null, index=null, enabled=null, optional=false, selected=null, checked=null, focused=null, childOf=null, css=null), retryIfNoChange=false, waitUntilVisible=false, longPress=false, repeat=null, waitToSettleTimeoutMs=null, relativePoint=null, label=null, optional=false)), logMessages=[], insight=Insight(message=, level=NONE), aiReasoning=null, labeledCommand=null)
21:23:45.355 [ INFO] maestro.Maestro.tap-HgV9Ck0: Tapping on element:  UiElement(treeNode=TreeNode(attributes={text=Pumunta sa Dashboard, accessibilityText=, hintText=, ignoreBoundsFiltering=false, resource-id=, clickable=false, bounds=[272,2191][734,2252], enabled=true, focused=false, checked=false, scrollable=false, selected=false, class=android.widget.TextView, important-for-accessibility=true, error=}, children=[], clickable=false, enabled=true, focused=false, checked=false, selected=false), bounds=Bounds(x=272, y=2191, width=462, height=61))
21:23:46.470 [ INFO] maestro.Maestro.tap-HgV9Ck0: Refreshed element
21:23:46.471 [ INFO] maestro.Maestro.hierarchyBasedTap-ogj28Uc: Tapping at (503, 2221) using hierarchy based logic for wait
21:23:47.310 [ INFO] maestro.Maestro.hierarchyBasedTap-ogj28Uc: Something has changed in the UI judging by view hierarchy. Proceed.
21:23:47.310 [ INFO] maestro.cli.runner.MaestroCommandRunner.runCommands$lambda$2: Tap on "Pumunta sa Dashboard" COMPLETED
21:23:47.310 [ INFO] maestro.cli.runner.MaestroCommandRunner.runCommands$lambda$0: Assert that "Home" is visible RUNNING
21:23:47.310 [ INFO] maestro.cli.runner.MaestroCommandRunner.runCommands$lambda$11: Assert that "Home" is visible metadata CommandMetadata(numberOfRuns=null, evaluatedCommand=MaestroCommand(assertConditionCommand=AssertConditionCommand(condition=Condition(platform=null, visible=ElementSelector(textRegex=Home, idRegex=null, size=null, below=null, above=null, leftOf=null, rightOf=null, containsChild=null, containsDescendants=null, traits=null, index=null, enabled=null, optional=false, selected=null, checked=null, focused=null, childOf=null, css=null), notVisible=null, scriptCondition=null, label=null), timeout=15000, label=null, optional=false)), logMessages=[], insight=Insight(message=, level=NONE), aiReasoning=null, labeledCommand=null)
21:23:47.332 [ INFO] maestro.cli.runner.MaestroCommandRunner.runCommands$lambda$2: Assert that "Home" is visible COMPLETED
21:23:47.333 [ INFO] maestro.cli.runner.MaestroCommandRunner.runCommands$lambda$0: Tap on "Review" RUNNING
21:23:47.333 [ INFO] maestro.cli.runner.MaestroCommandRunner.runCommands$lambda$11: Tap on "Review" metadata CommandMetadata(numberOfRuns=null, evaluatedCommand=MaestroCommand(tapOnElementCommand=TapOnElementCommand(selector=ElementSelector(textRegex=Review, idRegex=null, size=null, below=null, above=null, leftOf=null, rightOf=null, containsChild=null, containsDescendants=null, traits=null, index=null, enabled=null, optional=false, selected=null, checked=null, focused=null, childOf=null, css=null), retryIfNoChange=false, waitUntilVisible=false, longPress=false, repeat=null, waitToSettleTimeoutMs=null, relativePoint=null, label=null, optional=false)), logMessages=[], insight=Insight(message=, level=NONE), aiReasoning=null, labeledCommand=null)
21:23:47.407 [ INFO] maestro.Maestro.tap-HgV9Ck0: Tapping on element:  UiElement(treeNode=TreeNode(attributes={text=Review, accessibilityText=, hintText=, ignoreBoundsFiltering=false, resource-id=, clickable=false, bounds=[352,2289][457,2325], enabled=true, focused=false, checked=false, scrollable=false, selected=false, class=android.widget.TextView, important-for-accessibility=true, error=}, children=[], clickable=false, enabled=true, focused=false, checked=false, selected=false), bounds=Bounds(x=352, y=2289, width=105, height=36))
21:23:55.788 [ INFO] maestro.Maestro.tap-HgV9Ck0: Refreshed element
21:23:55.789 [ INFO] maestro.Maestro.hierarchyBasedTap-ogj28Uc: Tapping at (404, 2307) using hierarchy based logic for wait
21:23:56.832 [ INFO] maestro.Maestro.hierarchyBasedTap-ogj28Uc: Something has changed in the UI judging by view hierarchy. Proceed.
21:23:56.832 [ INFO] maestro.cli.runner.MaestroCommandRunner.runCommands$lambda$2: Tap on "Review" COMPLETED
21:23:56.832 [ INFO] maestro.cli.runner.MaestroCommandRunner.runCommands$lambda$0: Assert that "Start practice quiz" is visible RUNNING
21:23:56.833 [ INFO] maestro.cli.runner.MaestroCommandRunner.runCommands$lambda$11: Assert that "Start practice quiz" is visible metadata CommandMetadata(numberOfRuns=null, evaluatedCommand=MaestroCommand(assertConditionCommand=AssertConditionCommand(condition=Condition(platform=null, visible=ElementSelector(textRegex=Start practice quiz, idRegex=null, size=null, below=null, above=null, leftOf=null, rightOf=null, containsChild=null, containsDescendants=null, traits=null, index=null, enabled=null, optional=false, selected=null, checked=null, focused=null, childOf=null, css=null), notVisible=null, scriptCondition=null, label=null), timeout=10000, label=null, optional=false)), logMessages=[], insight=Insight(message=, level=NONE), aiReasoning=null, labeledCommand=null)
21:23:56.901 [ INFO] maestro.cli.runner.MaestroCommandRunner.runCommands$lambda$2: Assert that "Start practice quiz" is visible COMPLETED
21:23:57.104 [ INFO] maestro.cli.report.TestDebugReporter.deleteOldFiles: Performing purge of logs older than 14 days from /Users/lyndon/.maestro/tests
