21:22:26.122 [ INFO] maestro.cli.report.TestDebugReporter.logSystemInfo: Debug output path: /Users/lyndon/.maestro/tests/2026-06-22_212226
21:22:26.124 [ INFO] MAESTRO.logSystemInfo: ---- System Info ----
21:22:26.124 [ INFO] MAESTRO.logSystemInfo: Maestro Version: 2.6.1
21:22:26.124 [ INFO] MAESTRO.logSystemInfo: CI: Undefined
21:22:26.124 [ INFO] MAESTRO.logSystemInfo: OS Name: Mac OS X
21:22:26.125 [ INFO] MAESTRO.logSystemInfo: OS Version: 26.5.1
21:22:26.125 [ INFO] MAESTRO.logSystemInfo: Architecture: aarch64
21:22:26.125 [ INFO] MAESTRO.logSystemInfo: Java Version: 17
21:22:26.171 [ INFO] MAESTRO.logSystemInfo: Xcode Version: 26.5
21:22:26.418 [ INFO] MAESTRO.logSystemInfo: Flutter Version: 3.38.3
21:22:26.510 [DEBUG] io.micrometer.common.util.internal.logging.InternalLoggerFactory.newDefaultFactory: Using SLF4J as the default logging framework
21:22:26.662 [ INFO] MAESTRO.logSystemInfo: Flutter Channel: stable
21:22:26.662 [ INFO] MAESTRO.logSystemInfo: ---------------------
21:22:27.418 [ INFO] maestro.cli.command.TestCommand.runShardSuite: [shard 1] Selected device emulator-5554 using port 60050 with execution plan ExecutionPlan(flowsToRun=[/Users/lyndon/reviewnatin/apps/mobile/.maestro/flows/premium-subscribe-hint.yaml], sequence=FlowSequence(flows=[], continueOnFailure=true), workspaceConfig=WorkspaceConfig(flows=null, includeTags=null, excludeTags=null, executionOrder=null, baselineBranch=null, notifications=null, disableRetries=false, platform=PlatformConfiguration(android=AndroidConfiguration(disableAnimations=false), ios=IOSConfiguration(disableAnimations=false, snapshotKeyHonorModalViews=null)), testOutputDir=null))
21:22:32.767 [ INFO] maestro.cli.runner.TestRunner.runSingle$lambda$0: Running flow premium-subscribe-hint.yaml...
21:22:32.776 [ INFO] maestro.Maestro.cachedDeviceInfo_delegate$lambda$0: Getting device info
21:22:33.132 [ INFO] maestro.Maestro.cachedDeviceInfo_delegate$lambda$0: Got device info: DeviceInfo(platform=ANDROID, widthPixels=1080, heightPixels=2400, widthGrid=1080, heightGrid=2400)
21:22:33.164 [ INFO] maestro.cli.runner.MaestroCommandRunner.runCommands$lambda$0: Define variables RUNNING
21:22:33.167 [ INFO] maestro.cli.runner.MaestroCommandRunner.runCommands$lambda$11: Define variables metadata CommandMetadata(numberOfRuns=null, evaluatedCommand=MaestroCommand(defineVariablesCommand=DefineVariablesCommand(env={MAESTRO_DRIVER_STARTUP_TIMEOUT=180000, MAESTRO_FILENAME=premium-subscribe-hint, MAESTRO_DEVICE_UDID=emulator-5554, MAESTRO_SHARD_ID=1, MAESTRO_SHARD_INDEX=0}, label=null, optional=false)), logMessages=[], insight=Insight(message=, level=NONE), aiReasoning=null, labeledCommand=null)
21:22:33.168 [ INFO] maestro.cli.runner.MaestroCommandRunner.runCommands$lambda$2: Define variables COMPLETED
21:22:33.168 [ INFO] maestro.cli.runner.MaestroCommandRunner.runCommands$lambda$0: Apply configuration RUNNING
21:22:33.170 [ INFO] maestro.cli.runner.MaestroCommandRunner.runCommands$lambda$11: Apply configuration metadata CommandMetadata(numberOfRuns=null, evaluatedCommand=MaestroCommand(applyConfigurationCommand=ApplyConfigurationCommand(config=MaestroConfig(appId=ph.reviewnatin.app, name=null, tags=[], ext={}, onFlowStart=null, onFlowComplete=null, properties={}), label=null, optional=false)), logMessages=[], insight=Insight(message=, level=NONE), aiReasoning=null, labeledCommand=null)
21:22:33.170 [ INFO] maestro.cli.runner.MaestroCommandRunner.runCommands$lambda$2: Apply configuration COMPLETED
21:22:33.171 [ INFO] maestro.cli.runner.MaestroCommandRunner.runCommands$lambda$0: Launch app "ph.reviewnatin.app" with clear state RUNNING
21:22:33.172 [ INFO] maestro.cli.runner.MaestroCommandRunner.runCommands$lambda$11: Launch app "ph.reviewnatin.app" with clear state metadata CommandMetadata(numberOfRuns=null, evaluatedCommand=MaestroCommand(launchAppCommand=LaunchAppCommand(appId=ph.reviewnatin.app, clearState=true, clearKeychain=null, stopApp=null, permissions=null, launchArguments=null, label=null, optional=false)), logMessages=[], insight=Insight(message=, level=NONE), aiReasoning=null, labeledCommand=null)
21:22:33.173 [ INFO] maestro.Maestro.clearAppState$lambda$5: Clearing app state ph.reviewnatin.app
21:22:34.333 [DEBUG] maestro.Maestro.setPermissionInternal: Failed to set permission com.sec.android.provider.badge.permission.READ for app ph.reviewnatin.app: pm grant ph.reviewnatin.app com.sec.android.provider.badge.permission.READ: 
Exception occurred while executing 'grant':
java.lang.IllegalArgumentException: Unknown permission com.sec.android.provider.badge.permission.READ
	at com.android.server.permission.access.permission.PermissionService.setRuntimePermissionGranted(PermissionService.kt:911)
	at com.android.server.permission.access.permission.PermissionService.access$setRuntimePermissionGranted(PermissionService.kt:108)
	at com.android.server.permission.access.permission.PermissionService.setRuntimePermissionGranted(PermissionService.kt:809)
	at com.android.server.permission.access.permission.PermissionService.setRuntimePermissionGranted$default(PermissionService.kt:714)
	at com.android.server.permission.access.permission.PermissionService.grantRuntimePermission(PermissionService.kt:676)
	at com.android.server.pm.permission.PermissionManagerService.grantRuntimePermission(PermissionManagerService.java:585)
	at android.permission.PermissionManager.grantRuntimePermissionInternal(PermissionManager.java:679)
	at android.permission.PermissionManager.grantRuntimePermission(PermissionManager.java:642)
	at com.android.server.pm.PackageManagerShellCommand.runGrantRevokePermission(PackageManagerShellCommand.java:2690)
	at com.android.server.pm.PackageManagerShellCommand.onCommand(PackageManagerShellCommand.java:316)
	at com.android.modules.utils.BasicShellCommandHandler.exec(BasicShellCommandHandler.java:97)
	at android.os.ShellCommand.exec(ShellCommand.java:38)
	at com.android.server.pm.PackageManagerService$IPackageManagerImpl.onShellCommand(PackageManagerService.java:6561)
	at android.os.Binder.shellCommand(Binder.java:1230)
	at android.os.Binder.onTransact(Binder.java:1043)
	at android.content.pm.IPackageManager$Stub.onTransact(IPackageManager.java:4620)
	at com.android.server.pm.PackageManagerService$IPackageManagerImpl.onTransact(PackageManagerService.java:6545)
	at android.os.Binder.execTransactInternal(Binder.java:1505)
	at android.os.Binder.execTransact(Binder.java:1444)

21:22:34.358 [DEBUG] maestro.Maestro.setPermissionInternal: Failed to set permission com.sec.android.provider.badge.permission.WRITE for app ph.reviewnatin.app: pm grant ph.reviewnatin.app com.sec.android.provider.badge.permission.WRITE: 
Exception occurred while executing 'grant':
java.lang.IllegalArgumentException: Unknown permission com.sec.android.provider.badge.permission.WRITE
	at com.android.server.permission.access.permission.PermissionService.setRuntimePermissionGranted(PermissionService.kt:911)
	at com.android.server.permission.access.permission.PermissionService.access$setRuntimePermissionGranted(PermissionService.kt:108)
	at com.android.server.permission.access.permission.PermissionService.setRuntimePermissionGranted(PermissionService.kt:809)
	at com.android.server.permission.access.permission.PermissionService.setRuntimePermissionGranted$default(PermissionService.kt:714)
	at com.android.server.permission.access.permission.PermissionService.grantRuntimePermission(PermissionService.kt:676)
	at com.android.server.pm.permission.PermissionManagerService.grantRuntimePermission(PermissionManagerService.java:585)
	at android.permission.PermissionManager.grantRuntimePermissionInternal(PermissionManager.java:679)
	at android.permission.PermissionManager.grantRuntimePermission(PermissionManager.java:642)
	at com.android.server.pm.PackageManagerShellCommand.runGrantRevokePermission(PackageManagerShellCommand.java:2690)
	at com.android.server.pm.PackageManagerShellCommand.onCommand(PackageManagerShellCommand.java:316)
	at com.android.modules.utils.BasicShellCommandHandler.exec(BasicShellCommandHandler.java:97)
	at android.os.ShellCommand.exec(ShellCommand.java:38)
	at com.android.server.pm.PackageManagerService$IPackageManagerImpl.onShellCommand(PackageManagerService.java:6561)
	at android.os.Binder.shellCommand(Binder.java:1230)
	at android.os.Binder.onTransact(Binder.java:1043)
	at android.content.pm.IPackageManager$Stub.onTransact(IPackageManager.java:4620)
	at com.android.server.pm.PackageManagerService$IPackageManagerImpl.onTransact(PackageManagerService.java:6545)
	at android.os.Binder.execTransactInternal(Binder.java:1505)
	at android.os.Binder.execTransact(Binder.java:1444)

21:22:34.371 [DEBUG] maestro.Maestro.setPermissionInternal: Failed to set permission com.htc.launcher.permission.READ_SETTINGS for app ph.reviewnatin.app: pm grant ph.reviewnatin.app com.htc.launcher.permission.READ_SETTINGS: 
Exception occurred while executing 'grant':
java.lang.IllegalArgumentException: Unknown permission com.htc.launcher.permission.READ_SETTINGS
	at com.android.server.permission.access.permission.PermissionService.setRuntimePermissionGranted(PermissionService.kt:911)
	at com.android.server.permission.access.permission.PermissionService.access$setRuntimePermissionGranted(PermissionService.kt:108)
	at com.android.server.permission.access.permission.PermissionService.setRuntimePermissionGranted(PermissionService.kt:809)
	at com.android.server.permission.access.permission.PermissionService.setRuntimePermissionGranted$default(PermissionService.kt:714)
	at com.android.server.permission.access.permission.PermissionService.grantRuntimePermission(PermissionService.kt:676)
	at com.android.server.pm.permission.PermissionManagerService.grantRuntimePermission(PermissionManagerService.java:585)
	at android.permission.PermissionManager.grantRuntimePermissionInternal(PermissionManager.java:679)
	at android.permission.PermissionManager.grantRuntimePermission(PermissionManager.java:642)
	at com.android.server.pm.PackageManagerShellCommand.runGrantRevokePermission(PackageManagerShellCommand.java:2690)
	at com.android.server.pm.PackageManagerShellCommand.onCommand(PackageManagerShellCommand.java:316)
	at com.android.modules.utils.BasicShellCommandHandler.exec(BasicShellCommandHandler.java:97)
	at android.os.ShellCommand.exec(ShellCommand.java:38)
	at com.android.server.pm.PackageManagerService$IPackageManagerImpl.onShellCommand(PackageManagerService.java:6561)
	at android.os.Binder.shellCommand(Binder.java:1230)
	at android.os.Binder.onTransact(Binder.java:1043)
	at android.content.pm.IPackageManager$Stub.onTransact(IPackageManager.java:4620)
	at com.android.server.pm.PackageManagerService$IPackageManagerImpl.onTransact(PackageManagerService.java:6545)
	at android.os.Binder.execTransactInternal(Binder.java:1505)
	at android.os.Binder.execTransact(Binder.java:1444)

21:22:34.386 [DEBUG] maestro.Maestro.setPermissionInternal: Failed to set permission com.htc.launcher.permission.UPDATE_SHORTCUT for app ph.reviewnatin.app: pm grant ph.reviewnatin.app com.htc.launcher.permission.UPDATE_SHORTCUT: 
Exception occurred while executing 'grant':
java.lang.IllegalArgumentException: Unknown permission com.htc.launcher.permission.UPDATE_SHORTCUT
	at com.android.server.permission.access.permission.PermissionService.setRuntimePermissionGranted(PermissionService.kt:911)
	at com.android.server.permission.access.permission.PermissionService.access$setRuntimePermissionGranted(PermissionService.kt:108)
	at com.android.server.permission.access.permission.PermissionService.setRuntimePermissionGranted(PermissionService.kt:809)
	at com.android.server.permission.access.permission.PermissionService.setRuntimePermissionGranted$default(PermissionService.kt:714)
	at com.android.server.permission.access.permission.PermissionService.grantRuntimePermission(PermissionService.kt:676)
	at com.android.server.pm.permission.PermissionManagerService.grantRuntimePermission(PermissionManagerService.java:585)
	at android.permission.PermissionManager.grantRuntimePermissionInternal(PermissionManager.java:679)
	at android.permission.PermissionManager.grantRuntimePermission(PermissionManager.java:642)
	at com.android.server.pm.PackageManagerShellCommand.runGrantRevokePermission(PackageManagerShellCommand.java:2690)
	at com.android.server.pm.PackageManagerShellCommand.onCommand(PackageManagerShellCommand.java:316)
	at com.android.modules.utils.BasicShellCommandHandler.exec(BasicShellCommandHandler.java:97)
	at android.os.ShellCommand.exec(ShellCommand.java:38)
	at com.android.server.pm.PackageManagerService$IPackageManagerImpl.onShellCommand(PackageManagerService.java:6561)
	at android.os.Binder.shellCommand(Binder.java:1230)
	at android.os.Binder.onTransact(Binder.java:1043)
	at android.content.pm.IPackageManager$Stub.onTransact(IPackageManager.java:4620)
	at com.android.server.pm.PackageManagerService$IPackageManagerImpl.onTransact(PackageManagerService.java:6545)
	at android.os.Binder.execTransactInternal(Binder.java:1505)
	at android.os.Binder.execTransact(Binder.java:1444)

21:22:34.403 [DEBUG] maestro.Maestro.setPermissionInternal: Failed to set permission com.sonyericsson.home.permission.BROADCAST_BADGE for app ph.reviewnatin.app: pm grant ph.reviewnatin.app com.sonyericsson.home.permission.BROADCAST_BADGE: 
Exception occurred while executing 'grant':
java.lang.IllegalArgumentException: Unknown permission com.sonyericsson.home.permission.BROADCAST_BADGE
	at com.android.server.permission.access.permission.PermissionService.setRuntimePermissionGranted(PermissionService.kt:911)
	at com.android.server.permission.access.permission.PermissionService.access$setRuntimePermissionGranted(PermissionService.kt:108)
	at com.android.server.permission.access.permission.PermissionService.setRuntimePermissionGranted(PermissionService.kt:809)
	at com.android.server.permission.access.permission.PermissionService.setRuntimePermissionGranted$default(PermissionService.kt:714)
	at com.android.server.permission.access.permission.PermissionService.grantRuntimePermission(PermissionService.kt:676)
	at com.android.server.pm.permission.PermissionManagerService.grantRuntimePermission(PermissionManagerService.java:585)
	at android.permission.PermissionManager.grantRuntimePermissionInternal(PermissionManager.java:679)
	at android.permission.PermissionManager.grantRuntimePermission(PermissionManager.java:642)
	at com.android.server.pm.PackageManagerShellCommand.runGrantRevokePermission(PackageManagerShellCommand.java:2690)
	at com.android.server.pm.PackageManagerShellCommand.onCommand(PackageManagerShellCommand.java:316)
	at com.android.modules.utils.BasicShellCommandHandler.exec(BasicShellCommandHandler.java:97)
	at android.os.ShellCommand.exec(ShellCommand.java:38)
	at com.android.server.pm.PackageManagerService$IPackageManagerImpl.onShellCommand(PackageManagerService.java:6561)
	at android.os.Binder.shellCommand(Binder.java:1230)
	at android.os.Binder.onTransact(Binder.java:1043)
	at android.content.pm.IPackageManager$Stub.onTransact(IPackageManager.java:4620)
	at com.android.server.pm.PackageManagerService$IPackageManagerImpl.onTransact(PackageManagerService.java:6545)
	at android.os.Binder.execTransactInternal(Binder.java:1505)
	at android.os.Binder.execTransact(Binder.java:1444)

21:22:34.418 [DEBUG] maestro.Maestro.setPermissionInternal: Failed to set permission com.sonymobile.home.permission.PROVIDER_INSERT_BADGE for app ph.reviewnatin.app: pm grant ph.reviewnatin.app com.sonymobile.home.permission.PROVIDER_INSERT_BADGE: 
Exception occurred while executing 'grant':
java.lang.IllegalArgumentException: Unknown permission com.sonymobile.home.permission.PROVIDER_INSERT_BADGE
	at com.android.server.permission.access.permission.PermissionService.setRuntimePermissionGranted(PermissionService.kt:911)
	at com.android.server.permission.access.permission.PermissionService.access$setRuntimePermissionGranted(PermissionService.kt:108)
	at com.android.server.permission.access.permission.PermissionService.setRuntimePermissionGranted(PermissionService.kt:809)
	at com.android.server.permission.access.permission.PermissionService.setRuntimePermissionGranted$default(PermissionService.kt:714)
	at com.android.server.permission.access.permission.PermissionService.grantRuntimePermission(PermissionService.kt:676)
	at com.android.server.pm.permission.PermissionManagerService.grantRuntimePermission(PermissionManagerService.java:585)
	at android.permission.PermissionManager.grantRuntimePermissionInternal(PermissionManager.java:679)
	at android.permission.PermissionManager.grantRuntimePermission(PermissionManager.java:642)
	at com.android.server.pm.PackageManagerShellCommand.runGrantRevokePermission(PackageManagerShellCommand.java:2690)
	at com.android.server.pm.PackageManagerShellCommand.onCommand(PackageManagerShellCommand.java:316)
	at com.android.modules.utils.BasicShellCommandHandler.exec(BasicShellCommandHandler.java:97)
	at android.os.ShellCommand.exec(ShellCommand.java:38)
	at com.android.server.pm.PackageManagerService$IPackageManagerImpl.onShellCommand(PackageManagerService.java:6561)
	at android.os.Binder.shellCommand(Binder.java:1230)
	at android.os.Binder.onTransact(Binder.java:1043)
	at android.content.pm.IPackageManager$Stub.onTransact(IPackageManager.java:4620)
	at com.android.server.pm.PackageManagerService$IPackageManagerImpl.onTransact(PackageManagerService.java:6545)
	at android.os.Binder.execTransactInternal(Binder.java:1505)
	at android.os.Binder.execTransact(Binder.java:1444)

21:22:34.432 [DEBUG] maestro.Maestro.setPermissionInternal: Failed to set permission com.anddoes.launcher.permission.UPDATE_COUNT for app ph.reviewnatin.app: pm grant ph.reviewnatin.app com.anddoes.launcher.permission.UPDATE_COUNT: 
Exception occurred while executing 'grant':
java.lang.IllegalArgumentException: Unknown permission com.anddoes.launcher.permission.UPDATE_COUNT
	at com.android.server.permission.access.permission.PermissionService.setRuntimePermissionGranted(PermissionService.kt:911)
	at com.android.server.permission.access.permission.PermissionService.access$setRuntimePermissionGranted(PermissionService.kt:108)
	at com.android.server.permission.access.permission.PermissionService.setRuntimePermissionGranted(PermissionService.kt:809)
	at com.android.server.permission.access.permission.PermissionService.setRuntimePermissionGranted$default(PermissionService.kt:714)
	at com.android.server.permission.access.permission.PermissionService.grantRuntimePermission(PermissionService.kt:676)
	at com.android.server.pm.permission.PermissionManagerService.grantRuntimePermission(PermissionManagerService.java:585)
	at android.permission.PermissionManager.grantRuntimePermissionInternal(PermissionManager.java:679)
	at android.permission.PermissionManager.grantRuntimePermission(PermissionManager.java:642)
	at com.android.server.pm.PackageManagerShellCommand.runGrantRevokePermission(PackageManagerShellCommand.java:2690)
	at com.android.server.pm.PackageManagerShellCommand.onCommand(PackageManagerShellCommand.java:316)
	at com.android.modules.utils.BasicShellCommandHandler.exec(BasicShellCommandHandler.java:97)
	at android.os.ShellCommand.exec(ShellCommand.java:38)
	at com.android.server.pm.PackageManagerService$IPackageManagerImpl.onShellCommand(PackageManagerService.java:6561)
	at android.os.Binder.shellCommand(Binder.java:1230)
	at android.os.Binder.onTransact(Binder.java:1043)
	at android.content.pm.IPackageManager$Stub.onTransact(IPackageManager.java:4620)
	at com.android.server.pm.PackageManagerService$IPackageManagerImpl.onTransact(PackageManagerService.java:6545)
	at android.os.Binder.execTransactInternal(Binder.java:1505)
	at android.os.Binder.execTransact(Binder.java:1444)

21:22:34.448 [DEBUG] maestro.Maestro.setPermissionInternal: Failed to set permission com.majeur.launcher.permission.UPDATE_BADGE for app ph.reviewnatin.app: pm grant ph.reviewnatin.app com.majeur.launcher.permission.UPDATE_BADGE: 
Exception occurred while executing 'grant':
java.lang.IllegalArgumentException: Unknown permission com.majeur.launcher.permission.UPDATE_BADGE
	at com.android.server.permission.access.permission.PermissionService.setRuntimePermissionGranted(PermissionService.kt:911)
	at com.android.server.permission.access.permission.PermissionService.access$setRuntimePermissionGranted(PermissionService.kt:108)
	at com.android.server.permission.access.permission.PermissionService.setRuntimePermissionGranted(PermissionService.kt:809)
	at com.android.server.permission.access.permission.PermissionService.setRuntimePermissionGranted$default(PermissionService.kt:714)
	at com.android.server.permission.access.permission.PermissionService.grantRuntimePermission(PermissionService.kt:676)
	at com.android.server.pm.permission.PermissionManagerService.grantRuntimePermission(PermissionManagerService.java:585)
	at android.permission.PermissionManager.grantRuntimePermissionInternal(PermissionManager.java:679)
	at android.permission.PermissionManager.grantRuntimePermission(PermissionManager.java:642)
	at com.android.server.pm.PackageManagerShellCommand.runGrantRevokePermission(PackageManagerShellCommand.java:2690)
	at com.android.server.pm.PackageManagerShellCommand.onCommand(PackageManagerShellCommand.java:316)
	at com.android.modules.utils.BasicShellCommandHandler.exec(BasicShellCommandHandler.java:97)
	at android.os.ShellCommand.exec(ShellCommand.java:38)
	at com.android.server.pm.PackageManagerService$IPackageManagerImpl.onShellCommand(PackageManagerService.java:6561)
	at android.os.Binder.shellCommand(Binder.java:1230)
	at android.os.Binder.onTransact(Binder.java:1043)
	at android.content.pm.IPackageManager$Stub.onTransact(IPackageManager.java:4620)
	at com.android.server.pm.PackageManagerService$IPackageManagerImpl.onTransact(PackageManagerService.java:6545)
	at android.os.Binder.execTransactInternal(Binder.java:1505)
	at android.os.Binder.execTransact(Binder.java:1444)

21:22:34.464 [DEBUG] maestro.Maestro.setPermissionInternal: Failed to set permission com.huawei.android.launcher.permission.CHANGE_BADGE for app ph.reviewnatin.app: pm grant ph.reviewnatin.app com.huawei.android.launcher.permission.CHANGE_BADGE: 
Exception occurred while executing 'grant':
java.lang.IllegalArgumentException: Unknown permission com.huawei.android.launcher.permission.CHANGE_BADGE
	at com.android.server.permission.access.permission.PermissionService.setRuntimePermissionGranted(PermissionService.kt:911)
	at com.android.server.permission.access.permission.PermissionService.access$setRuntimePermissionGranted(PermissionService.kt:108)
	at com.android.server.permission.access.permission.PermissionService.setRuntimePermissionGranted(PermissionService.kt:809)
	at com.android.server.permission.access.permission.PermissionService.setRuntimePermissionGranted$default(PermissionService.kt:714)
	at com.android.server.permission.access.permission.PermissionService.grantRuntimePermission(PermissionService.kt:676)
	at com.android.server.pm.permission.PermissionManagerService.grantRuntimePermission(PermissionManagerService.java:585)
	at android.permission.PermissionManager.grantRuntimePermissionInternal(PermissionManager.java:679)
	at android.permission.PermissionManager.grantRuntimePermission(PermissionManager.java:642)
	at com.android.server.pm.PackageManagerShellCommand.runGrantRevokePermission(PackageManagerShellCommand.java:2690)
	at com.android.server.pm.PackageManagerShellCommand.onCommand(PackageManagerShellCommand.java:316)
	at com.android.modules.utils.BasicShellCommandHandler.exec(BasicShellCommandHandler.java:97)
	at android.os.ShellCommand.exec(ShellCommand.java:38)
	at com.android.server.pm.PackageManagerService$IPackageManagerImpl.onShellCommand(PackageManagerService.java:6561)
	at android.os.Binder.shellCommand(Binder.java:1230)
	at android.os.Binder.onTransact(Binder.java:1043)
	at android.content.pm.IPackageManager$Stub.onTransact(IPackageManager.java:4620)
	at com.android.server.pm.PackageManagerService$IPackageManagerImpl.onTransact(PackageManagerService.java:6545)
	at android.os.Binder.execTransactInternal(Binder.java:1505)
	at android.os.Binder.execTransact(Binder.java:1444)

21:22:34.479 [DEBUG] maestro.Maestro.setPermissionInternal: Failed to set permission com.huawei.android.launcher.permission.READ_SETTINGS for app ph.reviewnatin.app: pm grant ph.reviewnatin.app com.huawei.android.launcher.permission.READ_SETTINGS: 
Exception occurred while executing 'grant':
java.lang.IllegalArgumentException: Unknown permission com.huawei.android.launcher.permission.READ_SETTINGS
	at com.android.server.permission.access.permission.PermissionService.setRuntimePermissionGranted(PermissionService.kt:911)
	at com.android.server.permission.access.permission.PermissionService.access$setRuntimePermissionGranted(PermissionService.kt:108)
	at com.android.server.permission.access.permission.PermissionService.setRuntimePermissionGranted(PermissionService.kt:809)
	at com.android.server.permission.access.permission.PermissionService.setRuntimePermissionGranted$default(PermissionService.kt:714)
	at com.android.server.permission.access.permission.PermissionService.grantRuntimePermission(PermissionService.kt:676)
	at com.android.server.pm.permission.PermissionManagerService.grantRuntimePermission(PermissionManagerService.java:585)
	at android.permission.PermissionManager.grantRuntimePermissionInternal(PermissionManager.java:679)
	at android.permission.PermissionManager.grantRuntimePermission(PermissionManager.java:642)
	at com.android.server.pm.PackageManagerShellCommand.runGrantRevokePermission(PackageManagerShellCommand.java:2690)
	at com.android.server.pm.PackageManagerShellCommand.onCommand(PackageManagerShellCommand.java:316)
	at com.android.modules.utils.BasicShellCommandHandler.exec(BasicShellCommandHandler.java:97)
	at android.os.ShellCommand.exec(ShellCommand.java:38)
	at com.android.server.pm.PackageManagerService$IPackageManagerImpl.onShellCommand(PackageManagerService.java:6561)
	at android.os.Binder.shellCommand(Binder.java:1230)
	at android.os.Binder.onTransact(Binder.java:1043)
	at android.content.pm.IPackageManager$Stub.onTransact(IPackageManager.java:4620)
	at com.android.server.pm.PackageManagerService$IPackageManagerImpl.onTransact(PackageManagerService.java:6545)
	at android.os.Binder.execTransactInternal(Binder.java:1505)
	at android.os.Binder.execTransact(Binder.java:1444)

21:22:34.494 [DEBUG] maestro.Maestro.setPermissionInternal: Failed to set permission com.huawei.android.launcher.permission.WRITE_SETTINGS for app ph.reviewnatin.app: pm grant ph.reviewnatin.app com.huawei.android.launcher.permission.WRITE_SETTINGS: 
Exception occurred while executing 'grant':
java.lang.IllegalArgumentException: Unknown permission com.huawei.android.launcher.permission.WRITE_SETTINGS
	at com.android.server.permission.access.permission.PermissionService.setRuntimePermissionGranted(PermissionService.kt:911)
	at com.android.server.permission.access.permission.PermissionService.access$setRuntimePermissionGranted(PermissionService.kt:108)
	at com.android.server.permission.access.permission.PermissionService.setRuntimePermissionGranted(PermissionService.kt:809)
	at com.android.server.permission.access.permission.PermissionService.setRuntimePermissionGranted$default(PermissionService.kt:714)
	at com.android.server.permission.access.permission.PermissionService.grantRuntimePermission(PermissionService.kt:676)
	at com.android.server.pm.permission.PermissionManagerService.grantRuntimePermission(PermissionManagerService.java:585)
	at android.permission.PermissionManager.grantRuntimePermissionInternal(PermissionManager.java:679)
	at android.permission.PermissionManager.grantRuntimePermission(PermissionManager.java:642)
	at com.android.server.pm.PackageManagerShellCommand.runGrantRevokePermission(PackageManagerShellCommand.java:2690)
	at com.android.server.pm.PackageManagerShellCommand.onCommand(PackageManagerShellCommand.java:316)
	at com.android.modules.utils.BasicShellCommandHandler.exec(BasicShellCommandHandler.java:97)
	at android.os.ShellCommand.exec(ShellCommand.java:38)
	at com.android.server.pm.PackageManagerService$IPackageManagerImpl.onShellCommand(PackageManagerService.java:6561)
	at android.os.Binder.shellCommand(Binder.java:1230)
	at android.os.Binder.onTransact(Binder.java:1043)
	at android.content.pm.IPackageManager$Stub.onTransact(IPackageManager.java:4620)
	at com.android.server.pm.PackageManagerService$IPackageManagerImpl.onTransact(PackageManagerService.java:6545)
	at android.os.Binder.execTransactInternal(Binder.java:1505)
	at android.os.Binder.execTransact(Binder.java:1444)

21:22:34.512 [DEBUG] maestro.Maestro.setPermissionInternal: Failed to set permission android.permission.READ_APP_BADGE for app ph.reviewnatin.app: pm grant ph.reviewnatin.app android.permission.READ_APP_BADGE: 
Exception occurred while executing 'grant':
java.lang.IllegalArgumentException: Unknown permission android.permission.READ_APP_BADGE
	at com.android.server.permission.access.permission.PermissionService.setRuntimePermissionGranted(PermissionService.kt:911)
	at com.android.server.permission.access.permission.PermissionService.access$setRuntimePermissionGranted(PermissionService.kt:108)
	at com.android.server.permission.access.permission.PermissionService.setRuntimePermissionGranted(PermissionService.kt:809)
	at com.android.server.permission.access.permission.PermissionService.setRuntimePermissionGranted$default(PermissionService.kt:714)
	at com.android.server.permission.access.permission.PermissionService.grantRuntimePermission(PermissionService.kt:676)
	at com.android.server.pm.permission.PermissionManagerService.grantRuntimePermission(PermissionManagerService.java:585)
	at android.permission.PermissionManager.grantRuntimePermissionInternal(PermissionManager.java:679)
	at android.permission.PermissionManager.grantRuntimePermission(PermissionManager.java:642)
	at com.android.server.pm.PackageManagerShellCommand.runGrantRevokePermission(PackageManagerShellCommand.java:2690)
	at com.android.server.pm.PackageManagerShellCommand.onCommand(PackageManagerShellCommand.java:316)
	at com.android.modules.utils.BasicShellCommandHandler.exec(BasicShellCommandHandler.java:97)
	at android.os.ShellCommand.exec(ShellCommand.java:38)
	at com.android.server.pm.PackageManagerService$IPackageManagerImpl.onShellCommand(PackageManagerService.java:6561)
	at android.os.Binder.shellCommand(Binder.java:1230)
	at android.os.Binder.onTransact(Binder.java:1043)
	at android.content.pm.IPackageManager$Stub.onTransact(IPackageManager.java:4620)
	at com.android.server.pm.PackageManagerService$IPackageManagerImpl.onTransact(PackageManagerService.java:6545)
	at android.os.Binder.execTransactInternal(Binder.java:1505)
	at android.os.Binder.execTransact(Binder.java:1444)

21:22:34.526 [DEBUG] maestro.Maestro.setPermissionInternal: Failed to set permission com.oppo.launcher.permission.READ_SETTINGS for app ph.reviewnatin.app: pm grant ph.reviewnatin.app com.oppo.launcher.permission.READ_SETTINGS: 
Exception occurred while executing 'grant':
java.lang.IllegalArgumentException: Unknown permission com.oppo.launcher.permission.READ_SETTINGS
	at com.android.server.permission.access.permission.PermissionService.setRuntimePermissionGranted(PermissionService.kt:911)
	at com.android.server.permission.access.permission.PermissionService.access$setRuntimePermissionGranted(PermissionService.kt:108)
	at com.android.server.permission.access.permission.PermissionService.setRuntimePermissionGranted(PermissionService.kt:809)
	at com.android.server.permission.access.permission.PermissionService.setRuntimePermissionGranted$default(PermissionService.kt:714)
	at com.android.server.permission.access.permission.PermissionService.grantRuntimePermission(PermissionService.kt:676)
	at com.android.server.pm.permission.PermissionManagerService.grantRuntimePermission(PermissionManagerService.java:585)
	at android.permission.PermissionManager.grantRuntimePermissionInternal(PermissionManager.java:679)
	at android.permission.PermissionManager.grantRuntimePermission(PermissionManager.java:642)
	at com.android.server.pm.PackageManagerShellCommand.runGrantRevokePermission(PackageManagerShellCommand.java:2690)
	at com.android.server.pm.PackageManagerShellCommand.onCommand(PackageManagerShellCommand.java:316)
	at com.android.modules.utils.BasicShellCommandHandler.exec(BasicShellCommandHandler.java:97)
	at android.os.ShellCommand.exec(ShellCommand.java:38)
	at com.android.server.pm.PackageManagerService$IPackageManagerImpl.onShellCommand(PackageManagerService.java:6561)
	at android.os.Binder.shellCommand(Binder.java:1230)
	at android.os.Binder.onTransact(Binder.java:1043)
	at android.content.pm.IPackageManager$Stub.onTransact(IPackageManager.java:4620)
	at com.android.server.pm.PackageManagerService$IPackageManagerImpl.onTransact(PackageManagerService.java:6545)
	at android.os.Binder.execTransactInternal(Binder.java:1505)
	at android.os.Binder.execTransact(Binder.java:1444)

21:22:34.546 [DEBUG] maestro.Maestro.setPermissionInternal: Failed to set permission com.oppo.launcher.permission.WRITE_SETTINGS for app ph.reviewnatin.app: pm grant ph.reviewnatin.app com.oppo.launcher.permission.WRITE_SETTINGS: 
Exception occurred while executing 'grant':
java.lang.IllegalArgumentException: Unknown permission com.oppo.launcher.permission.WRITE_SETTINGS
	at com.android.server.permission.access.permission.PermissionService.setRuntimePermissionGranted(PermissionService.kt:911)
	at com.android.server.permission.access.permission.PermissionService.access$setRuntimePermissionGranted(PermissionService.kt:108)
	at com.android.server.permission.access.permission.PermissionService.setRuntimePermissionGranted(PermissionService.kt:809)
	at com.android.server.permission.access.permission.PermissionService.setRuntimePermissionGranted$default(PermissionService.kt:714)
	at com.android.server.permission.access.permission.PermissionService.grantRuntimePermission(PermissionService.kt:676)
	at com.android.server.pm.permission.PermissionManagerService.grantRuntimePermission(PermissionManagerService.java:585)
	at android.permission.PermissionManager.grantRuntimePermissionInternal(PermissionManager.java:679)
	at android.permission.PermissionManager.grantRuntimePermission(PermissionManager.java:642)
	at com.android.server.pm.PackageManagerShellCommand.runGrantRevokePermission(PackageManagerShellCommand.java:2690)
	at com.android.server.pm.PackageManagerShellCommand.onCommand(PackageManagerShellCommand.java:316)
	at com.android.modules.utils.BasicShellCommandHandler.exec(BasicShellCommandHandler.java:97)
	at android.os.ShellCommand.exec(ShellCommand.java:38)
	at com.android.server.pm.PackageManagerService$IPackageManagerImpl.onShellCommand(PackageManagerService.java:6561)
	at android.os.Binder.shellCommand(Binder.java:1230)
	at android.os.Binder.onTransact(Binder.java:1043)
	at android.content.pm.IPackageManager$Stub.onTransact(IPackageManager.java:4620)
	at com.android.server.pm.PackageManagerService$IPackageManagerImpl.onTransact(PackageManagerService.java:6545)
	at android.os.Binder.execTransactInternal(Binder.java:1505)
	at android.os.Binder.execTransact(Binder.java:1444)

21:22:34.564 [DEBUG] maestro.Maestro.setPermissionInternal: Failed to set permission me.everything.badger.permission.BADGE_COUNT_READ for app ph.reviewnatin.app: pm grant ph.reviewnatin.app me.everything.badger.permission.BADGE_COUNT_READ: 
Exception occurred while executing 'grant':
java.lang.IllegalArgumentException: Unknown permission me.everything.badger.permission.BADGE_COUNT_READ
	at com.android.server.permission.access.permission.PermissionService.setRuntimePermissionGranted(PermissionService.kt:911)
	at com.android.server.permission.access.permission.PermissionService.access$setRuntimePermissionGranted(PermissionService.kt:108)
	at com.android.server.permission.access.permission.PermissionService.setRuntimePermissionGranted(PermissionService.kt:809)
	at com.android.server.permission.access.permission.PermissionService.setRuntimePermissionGranted$default(PermissionService.kt:714)
	at com.android.server.permission.access.permission.PermissionService.grantRuntimePermission(PermissionService.kt:676)
	at com.android.server.pm.permission.PermissionManagerService.grantRuntimePermission(PermissionManagerService.java:585)
	at android.permission.PermissionManager.grantRuntimePermissionInternal(PermissionManager.java:679)
	at android.permission.PermissionManager.grantRuntimePermission(PermissionManager.java:642)
	at com.android.server.pm.PackageManagerShellCommand.runGrantRevokePermission(PackageManagerShellCommand.java:2690)
	at com.android.server.pm.PackageManagerShellCommand.onCommand(PackageManagerShellCommand.java:316)
	at com.android.modules.utils.BasicShellCommandHandler.exec(BasicShellCommandHandler.java:97)
	at android.os.ShellCommand.exec(ShellCommand.java:38)
	at com.android.server.pm.PackageManagerService$IPackageManagerImpl.onShellCommand(PackageManagerService.java:6561)
	at android.os.Binder.shellCommand(Binder.java:1230)
	at android.os.Binder.onTransact(Binder.java:1043)
	at android.content.pm.IPackageManager$Stub.onTransact(IPackageManager.java:4620)
	at com.android.server.pm.PackageManagerService$IPackageManagerImpl.onTransact(PackageManagerService.java:6545)
	at android.os.Binder.execTransactInternal(Binder.java:1505)
	at android.os.Binder.execTransact(Binder.java:1444)

21:22:34.580 [DEBUG] maestro.Maestro.setPermissionInternal: Failed to set permission me.everything.badger.permission.BADGE_COUNT_WRITE for app ph.reviewnatin.app: pm grant ph.reviewnatin.app me.everything.badger.permission.BADGE_COUNT_WRITE: 
Exception occurred while executing 'grant':
java.lang.IllegalArgumentException: Unknown permission me.everything.badger.permission.BADGE_COUNT_WRITE
	at com.android.server.permission.access.permission.PermissionService.setRuntimePermissionGranted(PermissionService.kt:911)
	at com.android.server.permission.access.permission.PermissionService.access$setRuntimePermissionGranted(PermissionService.kt:108)
	at com.android.server.permission.access.permission.PermissionService.setRuntimePermissionGranted(PermissionService.kt:809)
	at com.android.server.permission.access.permission.PermissionService.setRuntimePermissionGranted$default(PermissionService.kt:714)
	at com.android.server.permission.access.permission.PermissionService.grantRuntimePermission(PermissionService.kt:676)
	at com.android.server.pm.permission.PermissionManagerService.grantRuntimePermission(PermissionManagerService.java:585)
	at android.permission.PermissionManager.grantRuntimePermissionInternal(PermissionManager.java:679)
	at android.permission.PermissionManager.grantRuntimePermission(PermissionManager.java:642)
	at com.android.server.pm.PackageManagerShellCommand.runGrantRevokePermission(PackageManagerShellCommand.java:2690)
	at com.android.server.pm.PackageManagerShellCommand.onCommand(PackageManagerShellCommand.java:316)
	at com.android.modules.utils.BasicShellCommandHandler.exec(BasicShellCommandHandler.java:97)
	at android.os.ShellCommand.exec(ShellCommand.java:38)
	at com.android.server.pm.PackageManagerService$IPackageManagerImpl.onShellCommand(PackageManagerService.java:6561)
	at android.os.Binder.shellCommand(Binder.java:1230)
	at android.os.Binder.onTransact(Binder.java:1043)
	at android.content.pm.IPackageManager$Stub.onTransact(IPackageManager.java:4620)
	at com.android.server.pm.PackageManagerService$IPackageManagerImpl.onTransact(PackageManagerService.java:6545)
	at android.os.Binder.execTransactInternal(Binder.java:1505)
	at android.os.Binder.execTransact(Binder.java:1444)

21:22:34.581 [ INFO] maestro.Maestro.launchApp$lambda$2: Launching app ph.reviewnatin.app
21:22:34.581 [ INFO] maestro.Maestro.launchApp$lambda$2: Stopping ph.reviewnatin.app app during launch
21:22:34.786 [ INFO] maestro.cli.runner.MaestroCommandRunner.runCommands$lambda$2: Launch app "ph.reviewnatin.app" with clear state COMPLETED
21:22:34.787 [ INFO] maestro.cli.runner.MaestroCommandRunner.runCommands$lambda$0: Assert that "Get started — it's free" is visible RUNNING
21:22:34.791 [ INFO] maestro.cli.runner.MaestroCommandRunner.runCommands$lambda$11: Assert that "Get started — it's free" is visible metadata CommandMetadata(numberOfRuns=null, evaluatedCommand=MaestroCommand(assertConditionCommand=AssertConditionCommand(condition=Condition(platform=null, visible=ElementSelector(textRegex=Get started — it's free, idRegex=null, size=null, below=null, above=null, leftOf=null, rightOf=null, containsChild=null, containsDescendants=null, traits=null, index=null, enabled=null, optional=false, selected=null, checked=null, focused=null, childOf=null, css=null), notVisible=null, scriptCondition=null, label=null), timeout=15000, label=null, optional=false)), logMessages=[], insight=Insight(message=, level=NONE), aiReasoning=null, labeledCommand=null)
21:22:37.450 [ INFO] maestro.cli.runner.MaestroCommandRunner.runCommands$lambda$2: Assert that "Get started — it's free" is visible COMPLETED
21:22:37.450 [ INFO] maestro.cli.runner.MaestroCommandRunner.runCommands$lambda$0: Tap on "Get started — it's free" RUNNING
21:22:37.452 [ INFO] maestro.cli.runner.MaestroCommandRunner.runCommands$lambda$11: Tap on "Get started — it's free" metadata CommandMetadata(numberOfRuns=null, evaluatedCommand=MaestroCommand(tapOnElementCommand=TapOnElementCommand(selector=ElementSelector(textRegex=Get started — it's free, idRegex=null, size=null, below=null, above=null, leftOf=null, rightOf=null, containsChild=null, containsDescendants=null, traits=null, index=null, enabled=null, optional=false, selected=null, checked=null, focused=null, childOf=null, css=null), retryIfNoChange=false, waitUntilVisible=false, longPress=false, repeat=null, waitToSettleTimeoutMs=null, relativePoint=null, label=null, optional=false)), logMessages=[], insight=Insight(message=, level=NONE), aiReasoning=null, labeledCommand=null)
21:22:38.087 [ INFO] maestro.Maestro.tap-HgV9Ck0: Tapping on element:  UiElement(treeNode=TreeNode(attributes={text=Get started — it's free, accessibilityText=, hintText=, ignoreBoundsFiltering=false, resource-id=, clickable=false, bounds=[321,2033][760,2094], enabled=true, focused=false, checked=false, scrollable=false, selected=false, class=android.widget.TextView, important-for-accessibility=true, error=}, children=[], clickable=false, enabled=true, focused=false, checked=false, selected=false), bounds=Bounds(x=321, y=2033, width=439, height=61))
21:22:43.830 [ INFO] maestro.Maestro.tap-HgV9Ck0: Refreshed element
21:22:43.832 [ INFO] maestro.Maestro.hierarchyBasedTap-ogj28Uc: Tapping at (540, 2062) using hierarchy based logic for wait
21:22:45.987 [ INFO] maestro.cli.runner.MaestroCommandRunner.runCommands$lambda$2: Tap on "Get started — it's free" COMPLETED
21:22:45.988 [ INFO] maestro.cli.runner.MaestroCommandRunner.runCommands$lambda$0: Assert that "Continue →" is visible RUNNING
21:22:45.988 [ INFO] maestro.cli.runner.MaestroCommandRunner.runCommands$lambda$11: Assert that "Continue →" is visible metadata CommandMetadata(numberOfRuns=null, evaluatedCommand=MaestroCommand(assertConditionCommand=AssertConditionCommand(condition=Condition(platform=null, visible=ElementSelector(textRegex=Continue →, idRegex=null, size=null, below=null, above=null, leftOf=null, rightOf=null, containsChild=null, containsDescendants=null, traits=null, index=null, enabled=null, optional=false, selected=null, checked=null, focused=null, childOf=null, css=null), notVisible=null, scriptCondition=null, label=null), timeout=10000, label=null, optional=false)), logMessages=[], insight=Insight(message=, level=NONE), aiReasoning=null, labeledCommand=null)
21:22:47.602 [ INFO] maestro.cli.runner.MaestroCommandRunner.runCommands$lambda$2: Assert that "Continue →" is visible COMPLETED
21:22:47.602 [ INFO] maestro.cli.runner.MaestroCommandRunner.runCommands$lambda$0: Tap on "Continue →" RUNNING
21:22:47.603 [ INFO] maestro.cli.runner.MaestroCommandRunner.runCommands$lambda$11: Tap on "Continue →" metadata CommandMetadata(numberOfRuns=null, evaluatedCommand=MaestroCommand(tapOnElementCommand=TapOnElementCommand(selector=ElementSelector(textRegex=Continue →, idRegex=null, size=null, below=null, above=null, leftOf=null, rightOf=null, containsChild=null, containsDescendants=null, traits=null, index=null, enabled=null, optional=false, selected=null, checked=null, focused=null, childOf=null, css=null), retryIfNoChange=false, waitUntilVisible=false, longPress=false, repeat=null, waitToSettleTimeoutMs=null, relativePoint=null, label=null, optional=false)), logMessages=[], insight=Insight(message=, level=NONE), aiReasoning=null, labeledCommand=null)
21:22:47.695 [ INFO] maestro.Maestro.tap-HgV9Ck0: Tapping on element:  UiElement(treeNode=TreeNode(attributes={text=Continue →, accessibilityText=, hintText=, ignoreBoundsFiltering=false, resource-id=, clickable=false, bounds=[427,2191][654,2252], enabled=true, focused=false, checked=false, scrollable=false, selected=false, class=android.widget.TextView, important-for-accessibility=true, error=}, children=[], clickable=false, enabled=true, focused=false, checked=false, selected=false), bounds=Bounds(x=427, y=2191, width=227, height=61))
21:22:48.789 [ INFO] maestro.Maestro.tap-HgV9Ck0: Refreshed element
21:22:48.790 [ INFO] maestro.Maestro.hierarchyBasedTap-ogj28Uc: Tapping at (540, 2221) using hierarchy based logic for wait
21:22:49.632 [ INFO] maestro.Maestro.hierarchyBasedTap-ogj28Uc: Something has changed in the UI judging by view hierarchy. Proceed.
21:22:49.632 [ INFO] maestro.cli.runner.MaestroCommandRunner.runCommands$lambda$2: Tap on "Continue →" COMPLETED
21:22:49.632 [ INFO] maestro.cli.runner.MaestroCommandRunner.runCommands$lambda$0: Tap on "Continue →" RUNNING
21:22:49.633 [ INFO] maestro.cli.runner.MaestroCommandRunner.runCommands$lambda$11: Tap on "Continue →" metadata CommandMetadata(numberOfRuns=null, evaluatedCommand=MaestroCommand(tapOnElementCommand=TapOnElementCommand(selector=ElementSelector(textRegex=Continue →, idRegex=null, size=null, below=null, above=null, leftOf=null, rightOf=null, containsChild=null, containsDescendants=null, traits=null, index=null, enabled=null, optional=false, selected=null, checked=null, focused=null, childOf=null, css=null), retryIfNoChange=false, waitUntilVisible=false, longPress=false, repeat=null, waitToSettleTimeoutMs=null, relativePoint=null, label=null, optional=false)), logMessages=[], insight=Insight(message=, level=NONE), aiReasoning=null, labeledCommand=null)
21:22:49.649 [ INFO] maestro.Maestro.tap-HgV9Ck0: Tapping on element:  UiElement(treeNode=TreeNode(attributes={text=Continue →, accessibilityText=, hintText=, ignoreBoundsFiltering=false, resource-id=, clickable=false, bounds=[427,2191][654,2252], enabled=true, focused=false, checked=false, scrollable=false, selected=false, class=android.widget.TextView, important-for-accessibility=true, error=}, children=[], clickable=false, enabled=true, focused=false, checked=false, selected=false), bounds=Bounds(x=427, y=2191, width=227, height=61))
21:22:50.821 [ INFO] maestro.Maestro.tap-HgV9Ck0: Refreshed element
21:22:50.821 [ INFO] maestro.Maestro.hierarchyBasedTap-ogj28Uc: Tapping at (540, 2221) using hierarchy based logic for wait
21:22:51.601 [ INFO] maestro.Maestro.hierarchyBasedTap-ogj28Uc: Something has changed in the UI judging by view hierarchy. Proceed.
21:22:51.601 [ INFO] maestro.cli.runner.MaestroCommandRunner.runCommands$lambda$2: Tap on "Continue →" COMPLETED
21:22:51.602 [ INFO] maestro.cli.runner.MaestroCommandRunner.runCommands$lambda$0: Tap on "I'm committed →" RUNNING
21:22:51.602 [ INFO] maestro.cli.runner.MaestroCommandRunner.runCommands$lambda$11: Tap on "I'm committed →" metadata CommandMetadata(numberOfRuns=null, evaluatedCommand=MaestroCommand(tapOnElementCommand=TapOnElementCommand(selector=ElementSelector(textRegex=I'm committed →, idRegex=null, size=null, below=null, above=null, leftOf=null, rightOf=null, containsChild=null, containsDescendants=null, traits=null, index=null, enabled=null, optional=false, selected=null, checked=null, focused=null, childOf=null, css=null), retryIfNoChange=false, waitUntilVisible=false, longPress=false, repeat=null, waitToSettleTimeoutMs=null, relativePoint=null, label=null, optional=false)), logMessages=[], insight=Insight(message=, level=NONE), aiReasoning=null, labeledCommand=null)
21:22:51.618 [ INFO] maestro.Maestro.tap-HgV9Ck0: Tapping on element:  UiElement(treeNode=TreeNode(attributes={text=I'm committed →, accessibilityText=, hintText=, ignoreBoundsFiltering=false, resource-id=, clickable=false, bounds=[371,2191][709,2252], enabled=true, focused=false, checked=false, scrollable=false, selected=false, class=android.widget.TextView, important-for-accessibility=true, error=}, children=[], clickable=false, enabled=true, focused=false, checked=false, selected=false), bounds=Bounds(x=371, y=2191, width=338, height=61))
21:22:52.917 [ INFO] maestro.Maestro.tap-HgV9Ck0: Refreshed element
21:22:52.917 [ INFO] maestro.Maestro.hierarchyBasedTap-ogj28Uc: Tapping at (540, 2221) using hierarchy based logic for wait
21:22:53.723 [ INFO] maestro.Maestro.hierarchyBasedTap-ogj28Uc: Something has changed in the UI judging by view hierarchy. Proceed.
21:22:53.723 [ INFO] maestro.cli.runner.MaestroCommandRunner.runCommands$lambda$2: Tap on "I'm committed →" COMPLETED
21:22:53.724 [ INFO] maestro.cli.runner.MaestroCommandRunner.runCommands$lambda$0: Tap on "Skip muna (guest)" RUNNING
21:22:53.724 [ INFO] maestro.cli.runner.MaestroCommandRunner.runCommands$lambda$11: Tap on "Skip muna (guest)" metadata CommandMetadata(numberOfRuns=null, evaluatedCommand=MaestroCommand(tapOnElementCommand=TapOnElementCommand(selector=ElementSelector(textRegex=Skip muna (guest), idRegex=null, size=null, below=null, above=null, leftOf=null, rightOf=null, containsChild=null, containsDescendants=null, traits=null, index=null, enabled=null, optional=false, selected=null, checked=null, focused=null, childOf=null, css=null), retryIfNoChange=false, waitUntilVisible=false, longPress=false, repeat=null, waitToSettleTimeoutMs=null, relativePoint=null, label=null, optional=false)), logMessages=[], insight=Insight(message=, level=NONE), aiReasoning=null, labeledCommand=null)
21:22:53.748 [ INFO] maestro.Maestro.tap-HgV9Ck0: Tapping on element:  UiElement(treeNode=TreeNode(attributes={text=Skip muna (guest), accessibilityText=, hintText=, ignoreBoundsFiltering=false, resource-id=, clickable=false, bounds=[359,1496][721,1557], enabled=true, focused=false, checked=false, scrollable=false, selected=false, class=android.widget.TextView, important-for-accessibility=true, error=}, children=[], clickable=false, enabled=true, focused=false, checked=false, selected=false), bounds=Bounds(x=359, y=1496, width=362, height=61))
21:22:54.786 [ INFO] maestro.Maestro.tap-HgV9Ck0: Refreshed element
21:22:54.787 [ INFO] maestro.Maestro.hierarchyBasedTap-ogj28Uc: Tapping at (540, 1526) using hierarchy based logic for wait
21:22:55.616 [ INFO] maestro.Maestro.hierarchyBasedTap-ogj28Uc: Something has changed in the UI judging by view hierarchy. Proceed.
21:22:55.617 [ INFO] maestro.cli.runner.MaestroCommandRunner.runCommands$lambda$2: Tap on "Skip muna (guest)" COMPLETED
21:22:55.617 [ INFO] maestro.cli.runner.MaestroCommandRunner.runCommands$lambda$0: Tap on "Pumunta sa Dashboard" RUNNING
21:22:55.617 [ INFO] maestro.cli.runner.MaestroCommandRunner.runCommands$lambda$11: Tap on "Pumunta sa Dashboard" metadata CommandMetadata(numberOfRuns=null, evaluatedCommand=MaestroCommand(tapOnElementCommand=TapOnElementCommand(selector=ElementSelector(textRegex=Pumunta sa Dashboard, idRegex=null, size=null, below=null, above=null, leftOf=null, rightOf=null, containsChild=null, containsDescendants=null, traits=null, index=null, enabled=null, optional=false, selected=null, checked=null, focused=null, childOf=null, css=null), retryIfNoChange=false, waitUntilVisible=false, longPress=false, repeat=null, waitToSettleTimeoutMs=null, relativePoint=null, label=null, optional=false)), logMessages=[], insight=Insight(message=, level=NONE), aiReasoning=null, labeledCommand=null)
21:22:55.682 [ INFO] maestro.Maestro.tap-HgV9Ck0: Tapping on element:  UiElement(treeNode=TreeNode(attributes={text=Pumunta sa Dashboard, accessibilityText=, hintText=, ignoreBoundsFiltering=false, resource-id=, clickable=false, bounds=[272,2191][734,2252], enabled=true, focused=false, checked=false, scrollable=false, selected=false, class=android.widget.TextView, important-for-accessibility=true, error=}, children=[], clickable=false, enabled=true, focused=false, checked=false, selected=false), bounds=Bounds(x=272, y=2191, width=462, height=61))
21:22:56.784 [ INFO] maestro.Maestro.tap-HgV9Ck0: Refreshed element
21:22:56.785 [ INFO] maestro.Maestro.hierarchyBasedTap-ogj28Uc: Tapping at (503, 2221) using hierarchy based logic for wait
21:22:57.853 [ INFO] maestro.Maestro.hierarchyBasedTap-ogj28Uc: Something has changed in the UI judging by view hierarchy. Proceed.
21:22:57.853 [ INFO] maestro.cli.runner.MaestroCommandRunner.runCommands$lambda$2: Tap on "Pumunta sa Dashboard" COMPLETED
21:22:57.853 [ INFO] maestro.cli.runner.MaestroCommandRunner.runCommands$lambda$0: Assert that "Home" is visible RUNNING
21:22:57.853 [ INFO] maestro.cli.runner.MaestroCommandRunner.runCommands$lambda$11: Assert that "Home" is visible metadata CommandMetadata(numberOfRuns=null, evaluatedCommand=MaestroCommand(assertConditionCommand=AssertConditionCommand(condition=Condition(platform=null, visible=ElementSelector(textRegex=Home, idRegex=null, size=null, below=null, above=null, leftOf=null, rightOf=null, containsChild=null, containsDescendants=null, traits=null, index=null, enabled=null, optional=false, selected=null, checked=null, focused=null, childOf=null, css=null), notVisible=null, scriptCondition=null, label=null), timeout=15000, label=null, optional=false)), logMessages=[], insight=Insight(message=, level=NONE), aiReasoning=null, labeledCommand=null)
21:22:57.887 [ INFO] maestro.cli.runner.MaestroCommandRunner.runCommands$lambda$2: Assert that "Home" is visible COMPLETED
21:22:57.887 [ INFO] maestro.cli.runner.MaestroCommandRunner.runCommands$lambda$0: Scrolling DOWN until "See ReviewNatin Plus plans" is visible with speed 40, visibility percentage 100%, timeout 15000 ms, with centering disabled RUNNING
21:22:57.889 [ INFO] maestro.cli.runner.MaestroCommandRunner.runCommands$lambda$11: Scrolling DOWN until "See ReviewNatin Plus plans" is visible with speed 40, visibility percentage 100%, timeout 15000 ms, with centering disabled metadata CommandMetadata(numberOfRuns=null, evaluatedCommand=MaestroCommand(scrollUntilVisibleCommand=ScrollUntilVisibleCommand(selector=ElementSelector(textRegex=See ReviewNatin Plus plans, idRegex=null, size=null, below=null, above=null, leftOf=null, rightOf=null, containsChild=null, containsDescendants=null, traits=null, index=null, enabled=null, optional=false, selected=null, checked=null, focused=null, childOf=null, css=null), direction=DOWN, scrollDuration=601, visibilityPercentage=100, timeout=15000, waitToSettleTimeoutMs=null, centerElement=false, originalSpeedValue=40, label=null, optional=false)), logMessages=[], insight=Insight(message=, level=NONE), aiReasoning=null, labeledCommand=null)
21:22:59.060 [ INFO] maestro.orchestra.Orchestra.scrollUntilVisible: Scrolling try count: 0, DeviceWidth: 1080, DeviceWidth: 2400
21:22:59.060 [ INFO] maestro.orchestra.Orchestra.scrollUntilVisible: Element bounds: Bounds(x=42, y=1837, width=996, height=322)
21:22:59.061 [ INFO] maestro.orchestra.Orchestra.scrollUntilVisible: Visibility Percent: 1.0
21:22:59.061 [ INFO] maestro.orchestra.Orchestra.scrollUntilVisible: Command centerElement: ScrollUntilVisibleCommand(selector=ElementSelector(textRegex=See ReviewNatin Plus plans, idRegex=null, size=null, below=null, above=null, leftOf=null, rightOf=null, containsChild=null, containsDescendants=null, traits=null, index=null, enabled=null, optional=false, selected=null, checked=null, focused=null, childOf=null, css=null), direction=DOWN, scrollDuration=601, visibilityPercentage=100, timeout=15000, waitToSettleTimeoutMs=null, centerElement=false, originalSpeedValue=40, label=null, optional=false).centerElement
21:22:59.061 [ INFO] maestro.orchestra.Orchestra.scrollUntilVisible: visibilityPercentageNormalized: 1.0
21:22:59.061 [ INFO] maestro.cli.runner.MaestroCommandRunner.runCommands$lambda$2: Scrolling DOWN until "See ReviewNatin Plus plans" is visible with speed 40, visibility percentage 100%, timeout 15000 ms, with centering disabled COMPLETED
21:22:59.061 [ INFO] maestro.cli.runner.MaestroCommandRunner.runCommands$lambda$0: Tap on "See ReviewNatin Plus plans" RUNNING
21:22:59.061 [ INFO] maestro.cli.runner.MaestroCommandRunner.runCommands$lambda$11: Tap on "See ReviewNatin Plus plans" metadata CommandMetadata(numberOfRuns=null, evaluatedCommand=MaestroCommand(tapOnElementCommand=TapOnElementCommand(selector=ElementSelector(textRegex=See ReviewNatin Plus plans, idRegex=null, size=null, below=null, above=null, leftOf=null, rightOf=null, containsChild=null, containsDescendants=null, traits=null, index=null, enabled=null, optional=false, selected=null, checked=null, focused=null, childOf=null, css=null), retryIfNoChange=false, waitUntilVisible=false, longPress=false, repeat=null, waitToSettleTimeoutMs=null, relativePoint=null, label=null, optional=false)), logMessages=[], insight=Insight(message=, level=NONE), aiReasoning=null, labeledCommand=null)
21:22:59.669 [ INFO] maestro.Maestro.tap-HgV9Ck0: Tapping on element:  UiElement(treeNode=TreeNode(attributes={text=, accessibilityText=See ReviewNatin Plus plans, hintText=, ignoreBoundsFiltering=false, resource-id=, clickable=true, bounds=[42,1837][1038,2159], enabled=true, focused=false, checked=false, scrollable=false, selected=false, class=android.widget.Button, important-for-accessibility=true, error=}, children=[TreeNode(attributes={text=, accessibilityText=, hintText=, ignoreBoundsFiltering=false, resource-id=, clickable=false, bounds=[42,1837][1038,2159], enabled=true, focused=false, checked=false, scrollable=false, selected=false, class=android.view.ViewGroup, important-for-accessibility=false, error=}, children=[TreeNode(attributes={text=, accessibilityText=, hintText=, ignoreBoundsFiltering=false, resource-id=, clickable=false, bounds=[42,1837][1038,2159], enabled=true, focused=false, checked=false, scrollable=false, selected=false, class=android.view.View, important-for-accessibility=false, error=}, children=[], clickable=false, enabled=true, focused=false, checked=false, selected=false), TreeNode(attributes={text=, accessibilityText=, hintText=, ignoreBoundsFiltering=false, resource-id=, clickable=false, bounds=[84,1879][244,1945], enabled=true, focused=false, checked=false, scrollable=false, selected=false, class=android.view.ViewGroup, important-for-accessibility=false, error=}, children=[], clickable=false, enabled=true, focused=false, checked=false, selected=false), TreeNode(attributes={text=, accessibilityText=, hintText=, ignoreBoundsFiltering=false, resource-id=, clickable=false, bounds=[105,1896][134,1927], enabled=true, focused=false, checked=false, scrollable=false, selected=false, class=android.widget.TextView, important-for-accessibility=true, error=}, children=[], clickable=false, enabled=true, focused=false, checked=false, selected=false), TreeNode(attributes={text=PLUS, accessibilityText=, hintText=, ignoreBoundsFiltering=false, resource-id=, clickable=false, bounds=[144,1889][222,1934], enabled=true, focused=false, checked=false, scrollable=false, selected=false, class=android.widget.TextView, important-for-accessibility=true, error=}, children=[], clickable=false, enabled=true, focused=false, checked=false, selected=false), TreeNode(attributes={text=Full mocks & offline packs
No ads while you study, accessibilityText=, hintText=, ignoreBoundsFiltering=false, resource-id=, clickable=false, bounds=[84,1966][705,2082], enabled=true, focused=false, checked=false, scrollable=false, selected=false, class=android.widget.TextView, important-for-accessibility=true, error=}, children=[], clickable=false, enabled=true, focused=false, checked=false, selected=false), TreeNode(attributes={text=From ₱159/mo · cancel anytime, accessibilityText=, hintText=, ignoreBoundsFiltering=false, resource-id=, clickable=false, bounds=[84,2095][668,2140], enabled=true, focused=false, checked=false, scrollable=false, selected=false, class=android.widget.TextView, important-for-accessibility=true, error=}, children=[], clickable=false, enabled=true, focused=false, checked=false, selected=false), TreeNode(attributes={text=, accessibilityText=, hintText=, ignoreBoundsFiltering=false, resource-id=, clickable=false, bounds=[699,1903][1010,2159], enabled=true, focused=false, checked=false, scrollable=false, selected=false, class=android.view.ViewGroup, important-for-accessibility=false, error=}, children=[TreeNode(attributes={text=, accessibilityText=, hintText=, ignoreBoundsFiltering=false, resource-id=, clickable=false, bounds=[728,1968][987,2159], enabled=true, focused=false, checked=false, scrollable=false, selected=false, class=android.view.ViewGroup, important-for-accessibility=false, error=}, children=[], clickable=false, enabled=true, focused=false, checked=false, selected=false), TreeNode(attributes={text=, accessibilityText=, hintText=, ignoreBoundsFiltering=false, resource-id=, clickable=false, bounds=[736,1977][766,2008], enabled=true, focused=false, checked=false, scrollable=false, selected=false, class=android.widget.TextView, important-for-accessibility=true, error=}, children=[], clickable=false, enabled=true, focused=false, checked=false, selected=false), TreeNode(attributes={text=, accessibilityText=, hintText=, ignoreBoundsFiltering=false, resource-id=, clickable=false, bounds=[742,1945][967,2135], enabled=true, focused=false, checked=false, scrollable=false, selected=false, class=android.view.ViewGroup, important-for-accessibility=false, error=}, children=[TreeNode(attributes={text=, accessibilityText=, hintText=, ignoreBoundsFiltering=false, resource-id=, clickable=false, bounds=[792,1977][918,2103], enabled=true, focused=false, checked=false, scrollable=false, selected=false, class=android.widget.ImageView, important-for-accessibility=false, error=}, children=[], clickable=false, enabled=true, focused=false, checked=false, selected=false)], clickable=false, enabled=true, focused=false, checked=false, selected=false), TreeNode(attributes={text=, accessibilityText=, hintText=, ignoreBoundsFiltering=false, resource-id=, clickable=false, bounds=[825,1913][945,2016], enabled=true, focused=false, checked=false, scrollable=false, selected=false, class=android.view.ViewGroup, important-for-accessibility=false, error=}, children=[], clickable=false, enabled=true, focused=false, checked=false, selected=false), TreeNode(attributes={text=, accessibilityText=, hintText=, ignoreBoundsFiltering=false, resource-id=, clickable=false, bounds=[850,1929][919,1999], enabled=true, focused=false, checked=false, scrollable=false, selected=false, class=android.widget.TextView, important-for-accessibility=true, error=}, children=[], clickable=false, enabled=true, focused=false, checked=false, selected=false), TreeNode(attributes={text=, accessibilityText=, hintText=, ignoreBoundsFiltering=false, resource-id=, clickable=false, bounds=[959,1991][995,2029], enabled=true, focused=false, checked=false, scrollable=false, selected=false, class=android.widget.TextView, important-for-accessibility=true, error=}, children=[], clickable=false, enabled=true, focused=false, checked=false, selected=false)], clickable=false, enabled=true, focused=false, checked=false, selected=false)], clickable=false, enabled=true, focused=false, checked=false, selected=false)], clickable=true, enabled=true, focused=false, checked=false, selected=false), bounds=Bounds(x=42, y=1837, width=996, height=322))
21:23:07.989 [ INFO] maestro.Maestro.tap-HgV9Ck0: Refreshed element
21:23:07.990 [ INFO] maestro.Maestro.hierarchyBasedTap-ogj28Uc: Tapping at (540, 1998) using hierarchy based logic for wait
21:23:09.255 [ INFO] maestro.Maestro.hierarchyBasedTap-ogj28Uc: Something has changed in the UI judging by view hierarchy. Proceed.
21:23:09.255 [ INFO] maestro.cli.runner.MaestroCommandRunner.runCommands$lambda$2: Tap on "See ReviewNatin Plus plans" COMPLETED
21:23:09.255 [ INFO] maestro.cli.runner.MaestroCommandRunner.runCommands$lambda$0: Assert that "Mag-log in para mag-subscribe" is visible RUNNING
21:23:09.256 [ INFO] maestro.cli.runner.MaestroCommandRunner.runCommands$lambda$11: Assert that "Mag-log in para mag-subscribe" is visible metadata CommandMetadata(numberOfRuns=null, evaluatedCommand=MaestroCommand(assertConditionCommand=AssertConditionCommand(condition=Condition(platform=null, visible=ElementSelector(textRegex=Mag-log in para mag-subscribe, idRegex=null, size=null, below=null, above=null, leftOf=null, rightOf=null, containsChild=null, containsDescendants=null, traits=null, index=null, enabled=null, optional=false, selected=null, checked=null, focused=null, childOf=null, css=null), notVisible=null, scriptCondition=null, label=null), timeout=15000, label=null, optional=false)), logMessages=[], insight=Insight(message=, level=NONE), aiReasoning=null, labeledCommand=null)
21:23:09.311 [ INFO] maestro.cli.runner.MaestroCommandRunner.runCommands$lambda$2: Assert that "Mag-log in para mag-subscribe" is visible COMPLETED
21:23:09.311 [ INFO] maestro.cli.runner.MaestroCommandRunner.runCommands$lambda$0: Assert that "Mag-log in para mag-subscribe" is visible RUNNING
21:23:09.311 [ INFO] maestro.cli.runner.MaestroCommandRunner.runCommands$lambda$11: Assert that "Mag-log in para mag-subscribe" is visible metadata CommandMetadata(numberOfRuns=null, evaluatedCommand=MaestroCommand(assertConditionCommand=AssertConditionCommand(condition=Condition(platform=null, visible=ElementSelector(textRegex=Mag-log in para mag-subscribe, idRegex=null, size=null, below=null, above=null, leftOf=null, rightOf=null, containsChild=null, containsDescendants=null, traits=null, index=null, enabled=null, optional=false, selected=null, checked=null, focused=null, childOf=null, css=null), notVisible=null, scriptCondition=null, label=null), timeout=null, label=null, optional=false)), logMessages=[], insight=Insight(message=, level=NONE), aiReasoning=null, labeledCommand=null)
21:23:09.326 [ INFO] maestro.cli.runner.MaestroCommandRunner.runCommands$lambda$2: Assert that "Mag-log in para mag-subscribe" is visible COMPLETED
21:23:09.499 [ INFO] maestro.cli.report.TestDebugReporter.deleteOldFiles: Performing purge of logs older than 14 days from /Users/lyndon/.maestro/tests
